U-Boot 2025.04-g9f13d11658f6 (Feb 06 2026 - 09:41:56 +0000)

SoC:  LS1046AE Rev1.0 (0x87070010)
Clock Configuration:
       CPU0(A72):1600 MHz  CPU1(A72):1600 MHz  CPU2(A72):1600 MHz  
       CPU3(A72):1600 MHz  
       Bus:      600  MHz  DDR:      2100 MT/s  FMAN:     700  MHz
Reset Configuration Word (RCW):
       00000000: 0c150010 0e000000 00000000 00000000
       00000010: 11335a06 40000012 40000000 c1000000
       00000020: 00000000 00000000 00000000 00430804
       00000030: 20104400 24400000 00000096 00000001
Model: Mono Gateway Development Kit
DRAM:  7.9 GiB (DDR4, 64-bit, CL=16, ECC on)
Core:  53 devices, 21 uclasses, devicetree: separate
Using SERDES1 Protocol: 4403 (0x1133)
Using SERDES2 Protocol: 23046 (0x5a06)
MMC:   FSL_SDHC: 0
Loading Environment from SPIFlash... SF: Detected mt25qu512abb with page size 256 Bytes, erase size 64 KiB, total 64 MiB
OK
In:    serial@21c0500
Out:   serial@21c0500
Err:   serial@21c0500
SEC0:  RNG instantiated

SFP I2C mux         : PASS (Reset OK)
DDR4 Memory         : PASS (Bank0: 1982 MB, Bank1: 6144 MB)
USB PD controller   : PASS
20V Power Rail      : PASS (19.968V, limits: 13.365V - 22.220V)
5V Power Rail       : PASS (4.992V, limits: 4.851V - 5.151V)
1V CPU PSU          : PASS (0.998V, limits: 0.970V - 1.030V)
1.2V DDR PSU        : PASS (1.203V, limits: 1.158V - 1.242V)
1.35V SerDes PSU    : PASS (1.331V, limits: 1.307V - 1.394V)
1.8V Power Rail     : PASS (1.792V, limits: 1.732V - 1.869V)
2.5V Power Rail     : PASS (2.483V, limits: 2.396V - 2.606V)
3.3V Power Rail     : PASS (3.276V, limits: 3.188V - 3.414V)
CPU temperature     : PASS (39°C)
Board temperature   : PASS (38°C)
USB Type-C ctrl.    : PASS (TUSB322)
RTC                 : PASS (2026-04-14 15:28:40)
EEPROM              : PASS (MT-R01A-0326-00308)
Retimer             : PASS
Clock generator     : PASS (Sys_CCB: 100 MHz)
Fan controller      : PASS (5460 RPM, Fan 1)
LED controller      : PASS

On-board devices self test: PASS

Net:   Fman1: Uploading microcode version 210.10.1
eth0: fm1-mac2, eth1: fm1-mac5 [PRIME], eth2: fm1-mac6, eth3: fm1-mac9, eth4: fm1-mac10
Hit any key to stop autoboot:  0 
35 bytes read in 1 ms (34.2 KiB/s)
Using fm1-mac5 device
TFTP from server 192.168.1.137; our IP address is 192.168.1.200
Filename 'vmlinuz'.
Load address: 0xa0000000
Loading: #################################################################
         #################################################################
         #################################################################
         #################################################################
         #################################################################
         #################################################################
         #################################################################
         #################################################################
         #################################################################
         #################################################################
         #################################################################
         #####################
         11.5 MiB/s
done
Bytes transferred = 10799770 (a4ca9a hex)
Using fm1-mac5 device
TFTP from server 192.168.1.137; our IP address is 192.168.1.200
Filename 'mono-gw.dtb'.
Load address: 0x88000000
Loading: ###
         4.5 MiB/s
done
Bytes transferred = 37983 (945f hex)
33132553 bytes read in 1366 ms (23.1 MiB/s)
   Uncompressing Kernel Image to 0
## Flattened Device Tree blob at 88000000
   Booting using the fdt blob at 0x88000000
Working FDT set to 88000000
   Loading Ramdisk to f8c68000, end fac01009 ... OK
   Loading Device Tree to 00000000f8c4b000, end 00000000f8c6745e ... OK
Working FDT set to f8c4b000
PCIe1: pcie@3400000 Root Complex: no link
PCIe2: pcie@3500000 disabled
PCIe3: pcie@3600000 Root Complex: no link
WARNING failed to get smmu node: FDT_ERR_NOTFOUND
WARNING failed to get smmu node: FDT_ERR_NOTFOUND

Starting kernel ...

[    0.000000] Booting Linux on physical CPU 0x0000000000 [0x410fd082]
[    0.000000] Linux version 6.6.129-00002-g7dda8caa07ad-dirty (root@vyos-builder) (aarch64-linux-gnu-gcc (Debian 12.2.0-14) 12.2.0, GNU ld (GNU Binutils for Debian) 2.40) #25 SMP PREEMPT Sat Apr 11 04:56:53 UTC 2026
[    0.000000] KASLR enabled
[    0.000000] Machine model: Mono Gateway Development Kit
[    0.000000] earlycon: uart8250 at MMIO 0x00000000021c0500 (options '')
[    0.000000] printk: bootconsole [uart8250] enabled
[    0.000000] efi: UEFI not found.
[    0.000000] OF: reserved mem: initialized node bman-fbpr, compatible id fsl,bman-fbpr
[    0.000000] OF: reserved mem: 0x00000009ff000000..0x00000009ffffffff (16384 KiB) nomap non-reusable bman-fbpr
[    0.000000] OF: reserved mem: initialized node qman-fqd, compatible id fsl,qman-fqd
[    0.000000] OF: reserved mem: 0x00000009fe800000..0x00000009feffffff (8192 KiB) nomap non-reusable qman-fqd
[    0.000000] OF: reserved mem: initialized node qman-pfdr, compatible id fsl,qman-pfdr
[    0.000000] OF: reserved mem: 0x00000009fc000000..0x00000009fdffffff (32768 KiB) nomap non-reusable qman-pfdr
[    0.000000] OF: reserved mem: initialized node usdpaa-mem@c0000000, compatible id fsl,usdpaa-mem
[    0.000000] OF: reserved mem: 0x00000000c0000000..0x00000000cfffffff (262144 KiB) nomap non-reusable usdpaa-mem@c0000000
[    0.000000] NUMA: No NUMA configuration found
[    0.000000] NUMA: Faking a node at [mem 0x0000000080000000-0x00000009ffffffff]
[    0.000000] NUMA: NODE_DATA [mem 0x9fb87c9c0-0x9fb87efff]
[    0.000000] Zone ranges:
[    0.000000]   DMA      [mem 0x0000000080000000-0x00000000ffffffff]
[    0.000000]   DMA32    empty
[    0.000000]   Normal   [mem 0x0000000100000000-0x00000009ffffffff]
[    0.000000] Movable zone start for each node
[    0.000000] Early memory node ranges
[    0.000000]   node   0: [mem 0x0000000080000000-0x00000000bfffffff]
[    0.000000]   node   0: [mem 0x00000000c0000000-0x00000000cfffffff]
[    0.000000]   node   0: [mem 0x00000000d0000000-0x00000000fbdfffff]
[    0.000000]   node   0: [mem 0x0000000880000000-0x00000009fbffffff]
[    0.000000]   node   0: [mem 0x00000009fc000000-0x00000009fdffffff]
[    0.000000]   node   0: [mem 0x00000009fe000000-0x00000009fe7fffff]
[    0.000000]   node   0: [mem 0x00000009fe800000-0x00000009ffffffff]
[    0.000000] Initmem setup node 0 [mem 0x0000000080000000-0x00000009ffffffff]
[    0.000000] On node 0, zone Normal: 16896 pages in unavailable ranges
[    0.000000] cma: Reserved 32 MiB at 0x00000000f6c00000 on node -1
[    0.000000] psci: probing for conduit method from DT.
[    0.000000] psci: PSCIv1.1 detected in firmware.
[    0.000000] psci: Using standard PSCI v0.2 function IDs
[    0.000000] psci: MIGRATE_INFO_TYPE not supported.
[    0.000000] psci: SMC Calling Convention v1.5
[    0.000000] percpu: Embedded 23 pages/cpu s55144 r8192 d30872 u94208
[    0.000000] Detected PIPT I-cache on CPU0
[    0.000000] CPU features: detected: Spectre-v2
[    0.000000] CPU features: detected: Spectre-v3a
[    0.000000] CPU features: detected: Spectre-BHB
[    0.000000] CPU features: kernel page table isolation forced ON by KASLR
[    0.000000] CPU features: detected: Kernel page table isolation (KPTI)
[    0.000000] CPU features: detected: ARM errata 1165522, 1319367, or 1530923
[    0.000000] alternatives: applying boot alternatives
[    0.000000] Kernel command line: BOOT_IMAGE=/boot/2026.04.14-0331-rolling/vmlinuz console=ttyS0,115200 earlycon=uart8250,mmio,0x21c0500 net.ifnames=0 boot=live rootdelay=5 noautologin fsl_dpaa_fman.fsl_fm_max_frm=9600 panic=60 vyos-union=/boot/2026.04.14-0331-rolling
[    0.000000] Unknown kernel command line parameters "noautologin boot=live vyos-union=/boot/2026.04.14-0331-rolling", will be passed to user space.
[    0.000000] Dentry cache hash table entries: 1048576 (order: 11, 8388608 bytes, linear)
[    0.000000] Inode-cache hash table entries: 524288 (order: 10, 4194304 bytes, linear)
[    0.000000] Fallback order for Node 0: 0 
[    0.000000] Built 1 zonelists, mobility grouping on.  Total pages: 2047488
[    0.000000] Policy zone: Normal
[    0.000000] mem auto-init: stack:all(zero), heap alloc:off, heap free:off
[    0.000000] software IO TLB: area num 4.
[    0.000000] software IO TLB: mapped [mem 0x00000000f2c00000-0x00000000f6c00000] (64MB)
[    0.000000] Memory: 7683508K/8321024K available (15104K kernel code, 1578K rwdata, 5496K rodata, 3456K init, 1070K bss, 604748K reserved, 32768K cma-reserved)
[    0.000000] SLUB: HWalign=64, Order=0-3, MinObjects=0, CPUs=4, Nodes=1
[    0.000000] rcu: Preemptible hierarchical RCU implementation.
[    0.000000] rcu:     RCU event tracing is enabled.
[    0.000000] rcu:     RCU restricting CPUs from NR_CPUS=256 to nr_cpu_ids=4.
[    0.000000]  Trampoline variant of Tasks RCU enabled.
[    0.000000]  Tracing variant of Tasks RCU enabled.
[    0.000000] rcu: RCU calculated value of scheduler-enlistment delay is 25 jiffies.
[    0.000000] rcu: Adjusting geometry for rcu_fanout_leaf=16, nr_cpu_ids=4
[    0.000000] NR_IRQS: 64, nr_irqs: 64, preallocated irqs: 0
[    0.000000] GIC: Adjusting CPU interface base to 0x000000000142f000
[    0.000000] Root IRQ handler: gic_handle_irq
[    0.000000] GIC: Using split EOI/Deactivate mode
[    0.000000] rcu: srcu_init: Setting srcu_struct sizes based on contention.
[    0.000000] arch_timer: cp15 timer(s) running at 25.00MHz (phys).
[    0.000000] clocksource: arch_sys_counter: mask: 0xffffffffffffff max_cycles: 0x5c40939b5, max_idle_ns: 440795202646 ns
[    0.000000] sched_clock: 56 bits at 25MHz, resolution 40ns, wraps every 4398046511100ns
[    0.008212] Console: colour dummy device 80x25
[    0.012724] Calibrating delay loop (skipped), value calculated using timer frequency.. 50.00 BogoMIPS (lpj=100000)
[    0.023148] pid_max: default: 32768 minimum: 301
[    0.027828] LSM: initializing lsm=capability,integrity
[    0.033063] Mount-cache hash table entries: 16384 (order: 5, 131072 bytes, linear)
[    0.040704] Mountpoint-cache hash table entries: 16384 (order: 5, 131072 bytes, linear)
[    0.049637] RCU Tasks: Setting shift to 2 and lim to 1 rcu_task_cb_adjust=1 rcu_task_cpu_ids=4.
[    0.058442] RCU Tasks Trace: Setting shift to 2 and lim to 1 rcu_task_cb_adjust=1 rcu_task_cpu_ids=4.
[    0.067829] rcu: Hierarchical SRCU implementation.
[    0.072652] rcu:     Max phase no-delay instances is 1000.
[    0.078335] EFI services will not be available.
[    0.083027] smp: Bringing up secondary CPUs ...
[    0.087885] Detected PIPT I-cache on CPU1
[    0.087933] CPU1: Booted secondary processor 0x0000000001 [0x410fd082]
[    0.088261] Detected PIPT I-cache on CPU2
[    0.088294] CPU2: Booted secondary processor 0x0000000002 [0x410fd082]
[    0.088601] Detected PIPT I-cache on CPU3
[    0.088634] CPU3: Booted secondary processor 0x0000000003 [0x410fd082]
[    0.088676] smp: Brought up 1 node, 4 CPUs
[    0.124585] SMP: Total of 4 processors activated.
[    0.129318] CPU features: detected: 32-bit EL0 Support
[    0.134494] CPU features: detected: 32-bit EL1 Support
[    0.139666] CPU features: detected: CRC32 instructions
[    0.144872] CPU: All CPU(s) started at EL2
[    0.149005] alternatives: applying system-wide alternatives
[    0.155573] devtmpfs: initialized
[    0.163317] clocksource: jiffies: mask: 0xffffffff max_cycles: 0xffffffff, max_idle_ns: 7645041785100000 ns
[    0.173137] futex hash table entries: 1024 (order: 4, 65536 bytes, linear)
[    0.180442] pinctrl core: initialized pinctrl subsystem
[    0.186011] Machine: Mono Gateway Development Kit
[    0.190744] SoC family: QorIQ LS1046A
[    0.194422] SoC ID: svr:0x87070010, Revision: 1.0
[    0.199353] DMI not present or invalid.
[    0.203618] NET: Registered PF_NETLINK/PF_ROUTE protocol family
[    0.210023] DMA: preallocated 1024 KiB GFP_KERNEL pool for atomic allocations
[    0.217360] DMA: preallocated 1024 KiB GFP_KERNEL|GFP_DMA pool for atomic allocations
[    0.225460] DMA: preallocated 1024 KiB GFP_KERNEL|GFP_DMA32 pool for atomic allocations
[    0.233539] audit: initializing netlink subsys (disabled)
[    0.239048] audit: type=2000 audit(0.156:1): state=initialized audit_enabled=0 res=1
[    0.239242] thermal_sys: Registered thermal governor 'step_wise'
[    0.246848] thermal_sys: Registered thermal governor 'user_space'
[    0.252895] thermal_sys: Registered thermal governor 'power_allocator'
[    0.259040] cpuidle: using governor menu
[    0.269623] Bman ver:0a02,02,01
[    0.274229] qman-fqd addr 0x00000009fe800000 size 0x800000
[    0.279749] qman-pfdr addr 0x00000009fc000000 size 0x2000000
[    0.285446] Qman ver:0a01,03,02,01
[    0.288940] hw-breakpoint: found 6 breakpoint and 4 watchpoint registers.
[    0.295814] ASID allocator initialised with 32768 entries
[    0.311130] Modules: 2G module region forced by RANDOMIZE_MODULE_REGION_FULL
[    0.318234] Modules: 0 pages in range for non-PLT usage
[    0.318237] Modules: 517568 pages in range for PLT usage
[    0.323822] HugeTLB: registered 1.00 GiB page size, pre-allocated 0 pages
[    0.336005] HugeTLB: 0 KiB vmemmap can be freed for a 1.00 GiB page
[    0.342312] HugeTLB: registered 32.0 MiB page size, pre-allocated 0 pages
[    0.349142] HugeTLB: 0 KiB vmemmap can be freed for a 32.0 MiB page
[    0.355447] HugeTLB: registered 2.00 MiB page size, pre-allocated 0 pages
[    0.362277] HugeTLB: 0 KiB vmemmap can be freed for a 2.00 MiB page
[    0.368582] HugeTLB: registered 64.0 KiB page size, pre-allocated 0 pages
[    0.375412] HugeTLB: 0 KiB vmemmap can be freed for a 64.0 KiB page
[    0.382350] ACPI: Interpreter disabled.
[    0.387441] iommu: Default domain type: Translated
[    0.392266] iommu: DMA domain TLB invalidation policy: strict mode
[    0.398597] SCSI subsystem initialized
[    0.402528] usbcore: registered new interface driver usbfs
[    0.408066] usbcore: registered new interface driver hub
[    0.413424] usbcore: registered new device driver usb
[    0.418861] imx-i2c 2180000.i2c: can't get pinctrl, bus recovery not supported
[    0.426254] i2c i2c-0: IMX I2C adapter registered
[    0.431012] i2c i2c-0: using dma0chan16 (tx) and dma0chan17 (rx) for DMA transfers
[    0.438727] imx-i2c 2190000.i2c: can't get pinctrl, bus recovery not supported
[    0.446104] i2c i2c-1: IMX I2C adapter registered
[    0.450937] imx-i2c 21a0000.i2c: can't get pinctrl, bus recovery not supported
[    0.458315] i2c i2c-2: IMX I2C adapter registered
[    0.463149] imx-i2c 21b0000.i2c: can't get pinctrl, bus recovery not supported
[    0.470469] i2c i2c-3: IMX I2C adapter registered
[    0.475375] pps_core: LinuxPPS API ver. 1 registered
[    0.480370] pps_core: Software ver. 5.3.6 - Copyright 2005-2007 Rodolfo Giometti <giometti@linux.it>
[    0.489579] PTP clock support registered
[    0.493538] EDAC MC: Ver: 3.0.0
[    0.496855] bman-fbpr addr 0x00000009ff000000 size 0x1000000
[    0.502589] Bman err interrupt handler present
[    0.507654] Bman portal initialised, cpu 0
[    0.511820] Bman portal initialised, cpu 1
[    0.515988] Bman portal initialised, cpu 2
[    0.520157] Bman portal initialised, cpu 3
[    0.524277] Bman portals initialised
[    0.534130] Qman err interrupt handler present
[    0.538946] QMan: Allocated lookup table at (____ptrval____), entry count 131073
[    0.546977] QMan doesn't need cleanup, uninhibiting IRQs
[    0.552325] Qman portal initialised, cpu 0
[    0.556487] QMan doesn't need cleanup, uninhibiting IRQs
[    0.561832] Qman portal initialised, cpu 1
[    0.565992] QMan doesn't need cleanup, uninhibiting IRQs
[    0.571337] Qman portal initialised, cpu 2
[    0.575502] QMan doesn't need cleanup, uninhibiting IRQs
[    0.580847] Qman portal initialised, cpu 3
[    0.584965] Qman portals initialised
[    0.588615] Bman: BPID allocator includes range 32:32
[    0.593732] Qman: FQID allocator includes range 256:256
[    0.598989] Qman: FQID allocator includes range 32768:32768
[    0.604633] Qman: CGRID allocator includes range 0:256
[    0.609938] Qman: pool channel allocator includes range 1025:15
[    0.615955] USDPAA region at c0000000:10000000(c0000:10000), 1 TLB1 entries)
[    0.623280] FPGA manager framework
[    0.626733] Advanced Linux Sound Architecture Driver Initialized.
[    0.633280] vgaarb: loaded
[    0.636142] clocksource: Switched to clocksource arch_sys_counter
[    0.642396] VFS: Disk quotas dquot_6.6.0
[    0.646357] VFS: Dquot-cache hash table entries: 512 (order 0, 4096 bytes)
[    0.653427] pnp: PnP ACPI: disabled
[    0.660411] NET: Registered PF_INET protocol family
[    0.665557] IP idents hash table entries: 131072 (order: 8, 1048576 bytes, linear)
[    0.676241] ipsec_flow_init 
[    0.679210] tcp_listen_portaddr_hash hash table entries: 4096 (order: 4, 65536 bytes, linear)
[    0.687851] Table-perturb hash table entries: 65536 (order: 6, 262144 bytes, linear)
[    0.695657] TCP established hash table entries: 65536 (order: 7, 524288 bytes, linear)
[    0.703891] TCP bind hash table entries: 65536 (order: 9, 2097152 bytes, linear)
[    0.712570] TCP: Hash tables configured (established 65536 bind 65536)
[    0.719218] UDP hash table entries: 4096 (order: 5, 131072 bytes, linear)
[    0.726164] UDP-Lite hash table entries: 4096 (order: 5, 131072 bytes, linear)
[    0.733609] NET: Registered PF_UNIX/PF_LOCAL protocol family
[    0.739549] RPC: Registered named UNIX socket transport module.
[    0.745513] RPC: Registered udp transport module.
[    0.750244] RPC: Registered tcp transport module.
[    0.754974] RPC: Registered tcp-with-tls transport module.
[    0.760493] RPC: Registered tcp NFSv4.1 backchannel transport module.
[    0.766979] PCI: CLS 0 bytes, default 64
[    0.771082] Unpacking initramfs...
[    0.774630] kvm [1]: IPA Size Limit: 44 bits
[    0.779493] kvm [1]: vgic interrupt IRQ9
[    0.783487] kvm [1]: Hyp mode initialized successfully
[    0.789354] Initialise system trusted keyrings
[    0.793993] workingset: timestamp_bits=42 max_order=21 bucket_order=0
[    0.800682] squashfs: version 4.0 (2009/01/31) Phillip Lougher
[    0.806786] NFS: Registering the id_resolver key type
[    0.811914] Key type id_resolver registered
[    0.816141] Key type id_legacy registered
[    0.820205] nfs4filelayout_init: NFSv4 File Layout Driver Registering...
[    0.826963] nfs4flexfilelayout_init: NFSv4 Flexfile Layout Driver Registering...
[    0.834577] fuse: init (API version 7.39)
[    0.838763] 9p: Installing v9fs 9p2000 file system support
[    0.861515] Key type asymmetric registered
[    0.865648] Asymmetric key parser 'x509' registered
[    0.870615] Block layer SCSI generic (bsg) driver version 0.4 loaded (major 246)
[    0.878071] io scheduler mq-deadline registered
[    0.882636] io scheduler kyber registered
[    0.886728] io scheduler bfq registered
[    0.898529] EINJ: ACPI disabled.
[    0.905114] Serial: 8250/16550 driver, 4 ports, IRQ sharing enabled
[    0.912933] printk: console [ttyS0] disabled
[    0.917479] 21c0500.serial: ttyS0 at MMIO 0x21c0500 (irq = 56, base_baud = 18750000) is a 16550A
[    0.926376] printk: console [ttyS0] enabled
[    0.926376] printk: console [ttyS0] enabled
[    0.934794] printk: bootconsole [uart8250] disabled
[    0.934794] printk: bootconsole [uart8250] disabled
[    0.956757] 21c0600.serial: ttyS1 at MMIO 0x21c0600 (irq = 56, base_baud = 18750000) is a 16550A
[    0.965673] serial serial0: tty port ttyS1 registered
[    0.974324] loop: module loaded
[    0.978030] megasas: 07.725.01.00-rc1
[    0.983558] spi-nor spi1.0: n25q512a (65536 Kbytes)
[    1.297543] Freeing initrd memory: 32356K
[    1.307913] 8 fixed-partitions partitions found on MTD device 1550000.spi
[    1.314749] Creating 8 MTD partitions on "1550000.spi":
[    1.319979] 0x000000000000-0x000000100000 : "rcw-bl2"
[    1.325661] 0x000000100000-0x000000300000 : "uboot"
[    1.331061] 0x000000300000-0x000000400000 : "uboot-env"
[    1.336900] 0x000000400000-0x000000500000 : "fman-ucode"
[    1.342737] 0x000000500000-0x000000600000 : "recovery-dtb"
[    1.348739] 0x000000600000-0x000000a00000 : "backup"
[    1.354225] 0x000000a00000-0x000002000000 : "kernel-initramfs"
[    1.360597] 0x000002000000-0x000004000000 : "unallocated"
[    1.368370] tun: Universal TUN/TAP device driver, 1.6
[    1.373841] thunder_xcv, ver 1.0
[    1.377091] thunder_bgx, ver 1.0
[    1.380340] nicpf, ver 1.0
[    1.389401] Maxlinear Ethernet GPY115C 0x0000000001afd000:00: Firmware Version: 8.111 (0x886F)
[    1.405004] Maxlinear Ethernet GPY115C 0x0000000001afd000:01: Firmware Version: 8.111 (0x886F)
[    1.420590] Maxlinear Ethernet GPY115C 0x0000000001afd000:02: Firmware Version: 8.111 (0x886F)
[    1.479025] FM_Config(3449) FMan-Controller code (ver 210.10.1) (0xd20a01)
[    1.492361] FM_Init(3616) FMan-Controller code (ver 210.10.1) (0xd20a01)
[    1.502252] Freescale FM module, FMD API version 21.1.0
[    1.507773] FM_PCD_Init::ext timers 4, base ptr (____ptrval____), muram base (____ptrval____), offset 3f508
[    1.517826] FM_PCD_Init(1292) pIntMuramPtr (____ptrval____) InternalBufMgmtMuramArea 40200, size 0x8100 
[    1.527317] FM_PCD_Init(1302) pIntMuramPtr (____ptrval____) InternalBufMgmtMuramArea 402 
[    1.537612] Freescale FM Ports module
[    1.541280] fsl_mac: fsl_mac: FSL FMan MAC API based driver
[    1.547060] fsl_mac 1ae2000.ethernet: FMan MEMAC
[    1.551683] fsl_mac 1ae2000.ethernet: FMan MAC address: e8:f6:d7:00:15:ff
[    1.558638] fsl_mac 1ae8000.ethernet: FMan MEMAC
[    1.563259] fsl_mac 1ae8000.ethernet: FMan MAC address: e8:f6:d7:00:16:00
[    1.570212] fsl_mac 1aea000.ethernet: FMan MEMAC
[    1.574833] fsl_mac 1aea000.ethernet: FMan MAC address: e8:f6:d7:00:16:01
[    1.586492] fsl_mac 1af0000.ethernet: FMan MEMAC
[    1.591125] fsl_mac 1af0000.ethernet: FMan MAC address: e8:f6:d7:00:16:02
[    1.602672] fsl_mac 1af2000.ethernet: FMan MEMAC
[    1.607309] fsl_mac 1af2000.ethernet: FMan MAC address: e8:f6:d7:00:16:03
[    1.614164] fsl_dpa: FSL DPAA Ethernet driver
[    1.618791] *********dpa_set_buffers_layout(677) internal buffer offset 96
[    1.625732] dpaa_eth_priv_probe::bpid 0, count 128 
[    1.625735] adj count 128
[    1.640529] fsl_dpa: fsl_dpa: Probed interface eth0
[    1.645592] *********dpa_set_buffers_layout(677) internal buffer offset 96
[    1.652538] dpaa_eth_priv_probe::bpid 32, count 128 
[    1.652541] adj count 128
[    1.668228] fsl_dpa: fsl_dpa: Probed interface eth1
[    1.673297] *********dpa_set_buffers_layout(677) internal buffer offset 96
[    1.680240] dpaa_eth_priv_probe::bpid 32, count 128 
[    1.680244] adj count 128
[    1.696809] fsl_dpa: fsl_dpa: Probed interface eth2
[    1.701876] *********dpa_set_buffers_layout(677) internal buffer offset 96
[    1.708825] dpaa_eth_priv_probe::bpid 32, count 128 
[    1.708828] adj count 128
[    1.726295] fsl_dpa: fsl_dpa: Probed interface eth3
[    1.731366] *********dpa_set_buffers_layout(677) internal buffer offset 96
[    1.738317] dpaa_eth_priv_probe::bpid 32, count 128 
[    1.738321] adj count 128
[    1.756708] fsl_dpa: fsl_dpa: Probed interface eth4
[    1.761637] fsl_advanced: FSL DPAA Advanced drivers:
[    1.766603] fsl_proxy: FSL DPAA Proxy initialization driver
[    1.772315] fsl_oh: FSL FMan Offline Parsing port driver
[    1.777738] fsl_oh soc:fsl,dpaa:dpa-fman0-oh@2: Found OH node handle compatible with fsl,dpa-oh
[    1.786460] fsl_oh soc:fsl,dpaa:dpa-fman0-oh@2: Allocating 0 ingress frame queues duples
[    1.794591] InitLowLevelDriver::of port FM-0-port-OH-1 id 1, handle (____ptrval____)
[    1.802366] fsl_oh soc:fsl,dpaa:dpa-fman0-oh@2: OH port port@83000 enabled.
[    1.809334] fsl_oh soc:fsl,dpaa:dpa-fman0-oh@2: found OH port dpa-fman0-oh@2, fman 0, port 2
[    1.817777] fsl_oh soc:fsl,dpaa:dpa-fman0-oh@2: Default egress frame queue: 97
[    1.825003] fsl_oh soc:fsl,dpaa:dpa-fman0-oh@2: Default error frame queue: 96
[    1.832141] fsl_oh soc:fsl,dpaa:dpa-fman0-oh@2: Initialized queues:
[    1.838446] fsl_oh soc:fsl,dpaa:dpa-fman0-oh@3: Found OH node handle compatible with fsl,dpa-oh
[    1.847169] fsl_oh soc:fsl,dpaa:dpa-fman0-oh@3: Allocating 0 ingress frame queues duples
[    1.855296] InitLowLevelDriver::of port FM-0-port-OH-2 id 2, handle (____ptrval____)
[    1.863065] fsl_oh soc:fsl,dpaa:dpa-fman0-oh@3: OH port port@84000 enabled.
[    1.870036] fsl_oh soc:fsl,dpaa:dpa-fman0-oh@3: found OH port dpa-fman0-oh@3, fman 0, port 3
[    1.878482] fsl_oh soc:fsl,dpaa:dpa-fman0-oh@3: Default egress frame queue: 99
[    1.885706] fsl_oh soc:fsl,dpaa:dpa-fman0-oh@3: Default error frame queue: 98
[    1.892843] fsl_oh soc:fsl,dpaa:dpa-fman0-oh@3: Initialized queues:
[    1.899137] e1000: Intel(R) PRO/1000 Network Driver
[    1.904016] e1000: Copyright (c) 1999-2006 Intel Corporation.
[    1.909790] e1000e: Intel(R) PRO/1000 Network Driver
[    1.914756] e1000e: Copyright(c) 1999 - 2015 Intel Corporation.
[    1.920699] igb: Intel(R) Gigabit Ethernet Network Driver
[    1.926099] igb: Copyright (c) 2007-2014 Intel Corporation.
[    1.931689] igbvf: Intel(R) Gigabit Virtual Function Network Driver
[    1.937959] igbvf: Copyright (c) 2009 - 2012 Intel Corporation.
[    1.943974] sky2: driver version 1.30
[    1.947940] VFIO - User Level meta-driver version: 0.3
[    1.954482] xhci-hcd xhci-hcd.0.auto: xHCI Host Controller
[    1.959983] xhci-hcd xhci-hcd.0.auto: new USB bus registered, assigned bus number 1
[    1.967703] xhci-hcd xhci-hcd.0.auto: hcc params 0x0220f66d hci version 0x100 quirks 0x0000008002000810
[    1.977132] xhci-hcd xhci-hcd.0.auto: irq 60, io mem 0x02f00000
[    1.983125] xhci-hcd xhci-hcd.0.auto: xHCI Host Controller
[    1.988616] xhci-hcd xhci-hcd.0.auto: new USB bus registered, assigned bus number 2
[    1.996278] xhci-hcd xhci-hcd.0.auto: Host supports USB 3.0 SuperSpeed
[    2.003104] hub 1-0:1.0: USB hub found
[    2.006872] hub 1-0:1.0: 1 port detected
[    2.011181] hub 2-0:1.0: USB hub found
[    2.014945] hub 2-0:1.0: 1 port detected
[    2.019037] usbcore: registered new interface driver usb-storage
[    2.026355] i2c_dev: i2c /dev entries driver
[    2.031084] pca954x 0-0070: supply vdd not found, using dummy regulator
[    2.038553] i2c i2c-0: Added multiplexed i2c bus 4
[    2.043530] i2c i2c-0: Added multiplexed i2c bus 5
[    2.048495] i2c i2c-0: Added multiplexed i2c bus 6
[    2.053465] i2c i2c-0: Added multiplexed i2c bus 7
[    2.058268] pca954x 0-0070: registered 4 multiplexed busses for I2C switch pca9545
[    2.065898] pca954x 1-0070: supply vdd not found, using dummy regulator
[    2.073255] i2c i2c-1: Added multiplexed i2c bus 8
[    2.078161] i2c i2c-1: Added multiplexed i2c bus 9
[    2.083059] i2c i2c-1: Added multiplexed i2c bus 10
[    2.088045] i2c i2c-1: Added multiplexed i2c bus 11
[    2.092933] pca954x 1-0070: registered 4 multiplexed busses for I2C switch pca9545
[    2.100574] pca954x 2-0070: supply vdd not found, using dummy regulator
[    2.108185] i2c i2c-2: Added multiplexed i2c bus 12
[    2.113397] i2c i2c-2: Added multiplexed i2c bus 13
[    2.136642] rtc-pcf2127-i2c 14-0053: registered as rtc0
[    2.144177] rtc-pcf2127-i2c 14-0053: setting system clock to 2026-04-14T15:28:52 UTC (1776180532)
[    2.153092] i2c i2c-2: Added multiplexed i2c bus 14
[    2.158155] i2c i2c-2: Added multiplexed i2c bus 15
[    2.163043] pca954x 2-0070: registered 4 multiplexed busses for I2C switch pca9545
[    2.177933] qoriq-cpufreq qoriq-cpufreq: Freescale QorIQ CPU frequency scaling driver
[    2.185949] sdhci: Secure Digital Host Controller Interface driver
[    2.192156] sdhci: Copyright(c) Pierre Ossman
[    2.196804] sdhci-pltfm: SDHCI platform and OF driver helper
[    2.203737] ledtrig-cpu: registered to indicate activity on CPUs
[    2.209842] SMCCC: SOC_ID: ARCH_SOC_ID not implemented, skipping ....
[    2.216504] caam 1700000.crypto: device ID = 0x0a11030100000000 (Era 8)
[    2.223125] caam 1700000.crypto: job rings = 3, qi = 1
[    2.228159] mmc0: SDHCI controller on 1560000.esdhc [1560000.esdhc] using ADMA 64-bit
[    2.236580] caam algorithms registered in /proc/crypto
[    2.241817] caam 1700000.crypto: caam pkc algorithms registered in /proc/crypto
[    2.249180] caam 1700000.crypto: registering rng-caam
[    2.254347] caam 1700000.crypto: rng crypto API alg registered prng-caam
[    2.264597] usbcore: registered new interface driver usbhid
[    2.268155] usb 1-1: new high-speed USB device number 2 using xhci-hcd
[    2.270177] usbhid: USB HID core driver
[    2.281033] Freescale USDPAA process driver
[    2.281038] random: crng init done
[    2.285219] Freescale USDPAA process driver
[    2.292865] Freescale USDPAA process IRQ driver
[    2.298368] hw perfevents: enabled with armv8_cortex_a72 PMU driver, 7 counters available
[    2.308564] Initializing XFRM netlink socket
[    2.312868] NET: Registered PF_INET6 protocol family
[    2.318314] Segment Routing with IPv6
[    2.321993] In-situ OAM (IOAM) with IPv6
[    2.325970] NET: Registered PF_PACKET protocol family
[    2.331029] NET: Registered PF_KEY protocol family
[    2.335821] Initializing NETLINK_KEY socket
[    2.338845] mmc0: new HS200 MMC card at address 0001
[    2.340047] 9pnet: Installing 9P2000 support
[    2.345285] mmcblk0: mmc0:0001 0IM20E 29.6 GiB
[    2.349262] Key type dns_resolver registered
[    2.356493]  mmcblk0: p1 p2 p3
[    2.361507] mmcblk0boot0: mmc0:0001 0IM20E 31.5 MiB
[    2.362883] registered taskstats version 1
[    2.367102] mmcblk0boot1: mmc0:0001 0IM20E 31.5 MiB
[    2.370579] Loading compiled-in X.509 certificates
[    2.375982] mmcblk0rpmb: mmc0:0001 0IM20E 4.00 MiB, chardev (240:0)
[    2.385990] sfp sfp-xfi0: Host maximum power 3.0W
[    2.391541] sfp sfp-xfi1: Host maximum power 3.0W
[    2.396748] ASK fp_netfilter: hooks registered + conntrack force-enabled
[    2.403490] clk: Disabling unused clocks
[    2.407434] ALSA device list:
[    2.410401]   No soundcards found.
[    2.414930] Freeing unused kernel memory: 3456K
[    2.419533] Run /init as init process
[    2.433327] usb-storage 1-1:1.0: USB Mass Storage device detected
Loading, please [    2.439644] scsi host0: usb-storage 1-1:1.0
wait...
Starting systemd-udevd version 252.39-1~deb12u1
[    2.737619] sfp sfp-xfi1: module OEM              SFP-H10GB-CU1M   rev R    sn CSC240509160290  dc 240527  
[    2.772036] sfp sfp-xfi0: module OEM              SFP-10G-T        rev 02   sn CSY101OB0963     dc 241012  
[    2.806786] fsl_dpa soc:fsl,dpaa:ethernet@8 e2: renamed from eth0
[    2.812958] hwmon hwmon4: temp1_input not attached to any thermal zone
[    2.856850] fsl_dpa soc:fsl,dpaa:ethernet@4 e5: renamed from eth3
[    2.892359] fsl_dpa soc:fsl,dpaa:ethernet@5 e6: renamed from eth4
[    2.924693] fsl_dpa soc:fsl,dpaa:ethernet@1 e4: renamed from eth2
[    2.960309] fsl_dpa soc:fsl,dpaa:ethernet@9 e3: renamed from eth1
Begin: Loading essential drivers ... done.
[    3.473022] scsi 0:0:0:0: Direct-Access     SanDisk  Ultra            1.00 PQ: 0 ANSI: 6
[    3.500743] sd 0:0:0:0: [sda] 121307136 512-byte logical blocks: (62.1 GB/57.8 GiB)
[    3.509379] sd 0:0:0:0: [sda] Write Protect is off
[    3.514515] sd 0:0:0:0: [sda] Write cache: disabled, read cache: enabled, doesn't support DPO or FUA
[    3.528095]  sda: sda1 sda2
[    3.531062] sd 0:0:0:0: [sda] Attached SCSI removable disk
Begin: Running /scripts/init-premount ... done.
Begin: Mounting root file system ... [    8.484529] EXT4-fs (mmcblk0p3): INFO: recovery required on readonly filesystem
[    8.491855] EXT4-fs (mmcblk0p3): write access will be enabled during recovery
[    8.592669] EXT4-fs (mmcblk0p3): recovery complete
[    8.599879] EXT4-fs (mmcblk0p3): mounted filesystem e7706f46-332d-4cd5-8141-2b69a0992cf9 ro with ordered data mode. Quota mode: none.
[    8.686576] loop0: detected capacity change from 0 to 1054376
Begin: Running /scripts/live-realpremount ... done.
Begin: Mounting "/live/medium//boot/2026.04.14-0331-rolling/2026.04.14-0331-rolling.squashfs" on "//2026.04.14-0331-rolling.squashfs" via "/dev/loop0" ... done.
mount: mounting /dev/mmcblk0boot0 on /live/persistence/ failed: No such device
mount: mounting /dev/mmcblk0boot1 on /live/persistence/ failed: No such device
mount: mounting /dev/mmcblk0p1 on /live/persistence/ failed: No such device
mount: mounting /dev/mmcblk0 on /live/persistence/ failed: No such device
mount: mounting /dev/mmcblk0 on /live/persistence/ failed: No such device
mount: mounting /dev/mmcblk0boot0 on /live/persistence/ failed: No such device
mount: mounting /dev/mmcblk0 on /live/persistence/ failed: No such device
mount: mounting /dev/mmcblk0boot1 on /live/persistence/ failed: No such device
mount: mounting /dev/mtdblock0 on /live/persistence/ failed: No such device
mount: mounting /dev/mtdblock1 on /live/persistence/ failed: No such device
mount: mounting /dev/mtdblock2 on /live/persistence/ failed: No such device
mount: mounting /dev/mtdblock3 on /live/persistence/ failed: No such device
mount: mounting /dev/mtdblock4 on /live/persistence/ failed: No such device
mount: mounting /dev/mtdblock5 on /live/persistence/ failed: No such device
mount: mounting /dev/mtdblock6 on /live/persistence/ failed: No such device
mount: mounting /dev/mtdblock7 on /live/persistence/ failed: No such device
[   17.517847] EXT4-fs (mmcblk0p3): re-mounted e7706f46-332d-4cd5-8141-2b69a0992cf9 r/w.
done.
Begin: Running /scripts/init-bottom ... done.
[   19.139913] systemd[1]: systemd 252.39-1~deb12u1 running in system mode (+PAM +AUDIT +SELINUX +APPARMOR +IMA +SMACK +SECCOMP +GCRYPT -GNUTLS +OPENSSL +ACL +BLKID +CURL +ELFUTILS +FIDO2 +IDN2 -IDN +IPTC +KMOD +LIBCRYPTSETUP +LIBFDISK +PCRE2 -PWQUALITY +P11KIT +QRENCODE +TPM2 +BZIP2 +LZ4 +XZ +ZLIB +ZSTD -BPF_FRAMEWORK -XKBCOMMON +UTMP +SYSVINIT default-hierarchy=unified)
[   19.172639] systemd[1]: Detected architecture arm64.

Welcome to VyOS 2026.04.14-0331-rolling (current)!

[   19.204766] systemd[1]: Hostname set to <vyos>.
[   19.246774] systemd[1]: memfd_create() called without MFD_EXEC or MFD_NOEXEC_SEAL set
[   20.516555] systemd[1]: Queued start job for default target Multi-User System.
[   20.546662] systemd[1]: Created slice Slice /system/getty.
[  OK  ] Created slice Slice /system/getty.
[   20.569084] systemd[1]: Created slice Slice /system/modprobe.
[  OK  ] Created slice Slice /system/modprobe.
[   20.593050] systemd[1]: Created slice Slice /system/serial-getty.
[  OK  ] Created slice Slice /system/serial-getty.
[   20.616898] systemd[1]: Created slice User and Session Slice.
[  OK  ] Created slice User and Session Slice.
[   20.640305] systemd[1]: Started Dispatch Password Requests to Console Directory Watch.
[  OK  ] Started Dispatch Password …ts to Console Directory Watch.
[   20.664273] systemd[1]: Started Forward Password Requests to Wall Directory Watch.
[  OK  ] Started Forward Password R…uests to Wall Directory Watch.
[   20.688267] systemd[1]: Arbitrary Executable File Formats File System Automount Point was skipped because of an unmet condition check (ConditionPathExists=/proc/sys/fs/binfmt_misc).
[   20.704498] systemd[1]: Reached target Local Encrypted Volumes.
[  OK  ] Reached target Local Encrypted Volumes.
[   20.724216] systemd[1]: Reached target Local Integrity Protected Volumes.
[  OK  ] Reached target Local Integrity Protected Volumes.
[   20.748217] systemd[1]: Reached target Network is Online.
[  OK  ] Reached target Network is Online.
[   20.768191] systemd[1]: Reached target Path Units.
[  OK  ] Reached target Path Units.
[   20.788202] systemd[1]: Reached target Remote File Systems.
[  OK  ] Reached target Remote File Systems.
[   20.808192] systemd[1]: Reached target Slice Units.
[  OK  ] Reached target Slice Units.
[   20.828214] systemd[1]: Reached target TLS tunnels for network services - per-config-file target.
[  OK  ] Reached target TLS tunnels…ices - per-config-file target.
[   20.852200] systemd[1]: Reached target Swaps.
[  OK  ] Reached target Swaps.
[   20.872202] systemd[1]: Reached target Local Verity Protected Volumes.
[  OK  ] Reached target Local Verity Protected Volumes.
[   20.896343] systemd[1]: Listening on initctl Compatibility Named Pipe.
[  OK  ] Listening on initctl Compatibility Named Pipe.
[   20.921721] systemd[1]: Listening on Journal Socket (/dev/log).
[  OK  ] Listening on Journal Socket (/dev/log).
[   20.944437] systemd[1]: Listening on Journal Socket.
[  OK  ] Listening on Journal Socket.
[   20.964478] systemd[1]: Listening on udev Control Socket.
[  OK  ] Listening on udev Control Socket.
[   20.984362] systemd[1]: Listening on udev Kernel Socket.
[  OK  ] Listening on udev Kernel Socket.
[   21.020348] systemd[1]: Mounting Huge Pages File System...
         Mounting Huge Pages File System...
[   21.042454] systemd[1]: Mounting POSIX Message Queue File System...
         Mounting POSIX Message Queue File System...
[   21.066532] systemd[1]: Mounting Kernel Debug File System...
         Mounting Kernel Debug File System...
[   21.088421] systemd[1]: Kernel Trace File System was skipped because of an unmet condition check (ConditionPathExists=/sys/kernel/tracing).
[   21.101324] systemd[1]: Create List of Static Device Nodes was skipped because of an unmet condition check (ConditionFileNotEmpty=/lib/modules/6.6.129-00002-g7dda8caa07ad-dirty/modules.devname).
[   21.140512] systemd[1]: Starting Load Kernel Module configfs...
         Starting Load Kernel Module configfs...
[   21.162570] systemd[1]: Starting Load Kernel Module dm_mod...
         Starting Load Kernel Module dm_mod...
[   21.200504] systemd[1]: Starting Load Kernel Module drm...
         Starting Load Kernel Module drm...
[   21.222529] systemd[1]: Starting Load Kernel Module efi_pstore...
         Starting Load Kernel Module efi_pstore...
[   21.246513] systemd[1]: Starting Load Kernel Module fuse...
         Starting Load Kernel Module fuse...
[   21.270617] systemd[1]: Starting Load Kernel Module loop...
         Starting Load Kernel Module loop...
[   21.296127] systemd[1]: Starting Journal Service...
         Starting Journal Service...
[   21.318809] systemd[1]: Starting Remount Root and Kernel File Systems...
         Starting Remount Root and Kernel File Systems...
[   21.343530] systemd[1]: Starting Coldplug All udev Devices...
         Starting Coldplug All udev Devices...
[   21.368094] systemd[1]: Mounted Huge Pages File System.
[  OK  ] Mounted Huge Pages File System.
[   21.388523] systemd[1]: Mounted POSIX Message Queue File System.
[  OK  ] Mounted POSIX Message Queue File System.
[   21.408505] systemd[1]: Mounted Kernel Debug File System.
[  OK  ] Mounted Kernel Debug File System.
[   21.428454] systemd[1]: Started Journal Service.
[  OK  ] Started Journal Service.
[  OK  ] Finished Load Kernel Module configfs.
[  OK  ] Finished Load Kernel Module dm_mod.
[  OK  ] Finished Load Kernel Module drm.
[  OK  ] Finished Load Kernel Module efi_pstore.
[  OK  ] Finished Load Kernel Module fuse.
[  OK  ] Finished Load Kernel Module loop.
[  OK  ] Finished Remount Root and Kernel File Systems.
         Mounting FUSE Control File System...
         Mounting Kernel Configuration File System...
         Starting Flush Journal to Persistent Storage...
[   21.657431] systemd-journald[1651]: Received client request to flush runtime journal.
         Starting Load/[   21.667551] systemd-journald[1651]: File /var/log/journal/d566abda2ba2413a8ed4b3308a89cd53/system.journal corrupted or uncleanly shut down, renaming and replacing.
Save Random Seed...
         Starting Create System Users...
[  OK  ] Started VyOS commit daemon.
[  OK  ] Started VyOS configuration daemon.
[  OK  ] Started VyOS DNS configuration keeper.
[  OK  ] Finished Coldplug All udev Devices.
[  OK  ] Mounted FUSE Control File System.
[  OK  ] Mounted Kernel Configuration File System.
[  OK  ] Finished Flush Journal to Persistent Storage.
[  OK  ] Finished Load/Save Random Seed.
[  OK  ] Finished Create System Users.
         Starting Create Static Device Nodes in /dev...
[  OK  ] Finished Create Static Device Nodes in /dev.
[  OK  ] Reached target Preparation for Local File Systems.
         Mounting /tmp...
         Mounting /var/tmp...
         Starting Rule-based Manage…for Device Events and Files...
[  OK  ] Mounted /tmp.
[  OK  ] Mounted /var/tmp.
[  OK  ] Reached target Local File Systems.
         Starting Create System Files and Directories...
[  OK  ] Finished Create System Files and Directories.
         Starting Security Auditing Service...
[  OK  ] Started    22.309256] ipsec_flow_init 
1;39mEntropy Daemon based on the HAVEGE algorithm.
         Starting live-config conta…t process (late userspace)....
[  OK  ] Started Rule-based Manager for Device Events and Files.
         Starting Load ASK fast-pat…les (cdx, auto_bridge, fci)...
[   22.581753] module cdx: .gnu.linkonce.this_module section size must match the kernel's built struct module size at run time
[   22.644459] module auto_bridge: .gnu.linkonce.this_module section size must match the kernel's built struct module size at run time
[   22.913919] module fci: .gnu.linkonce.this_module section size must match the kernel's built struct module size at run time
[  OK  ] Finished Load ASK fast-pat…dules (cdx, auto_bridge, fci).
         Starting Load Kernel Modules...
[  OK  ] Finished Load Kernel Modules.
         Starting Deassert SFP+ TX_…for SDK kernel (no phylink)...
         Starting Apply Kernel Variables...
[  OK  ] Finished Apply Kernel Variables.
[  OK  ] Started Security Auditing Service.
         Starting Record System Boot/Shutdown in UTMP...
[  OK  ] Finished Deassert SFP+ TX_…E for SDK kernel (no phylink).
[  OK  ] Finished Record System Boot/Shutdown in UTMP.
[  OK  ] Reached target System Initialization.
[  OK  ] Started Periodic ext4 Onli…ata Check for All Filesystems.
[  OK  ] Started Discard unused blocks once a week.
[  OK  ] Started Daily rotation of log files.
[  OK  ] Started Run system activit…ounting tool every 10 minutes.
[  OK  ] Started Generate summary o…esterday's process accounting.
[  OK  ] Started Daily Cleanup of Temporary Directories.
[  OK  ] Reached target Timer Units.
[  OK  ] Listening on D-Bus System Message Bus Socket.
[  OK  ] Listening on Podman API Socket.
[  OK  ] Listening on UUID daemon activation socket.
[  OK  ] Reached target Socket Units.
[  OK  ] Finished live-config conta…oot process (late userspace)..
[  OK  ] Reached target Basic System.
         Starting Deferred execution scheduler...
         Starting Atop process accounting daemon...
[  OK  ] Started Regular background program processing daemon.
         Starting D-Bus System Message Bus...
         Starting Remove Stale Onli…t4 Metadata Check Snapshots...
         Starting fan speed regulator...
         Starting FastNetMon - DoS/…Flow/Netflow/mirror support...
         Starting LSB: network benchmark...
         Starting Podman API Service...
         Starting Resets System Activity Logs...
         Starting User Login Management...
         Starting LSB: Start vmtouch daemon...
         Starting Update GRUB loader configuration structure...
         Starting Sync /boot/vyos.e…unning VyOS image (LS1046A)...
[  OK  ] Started Deferred execution scheduler.
[  OK  ] Finished Remove Stale Onli…ext4 Metadata Check Snapshots.
[  OK  ] Started Podman API Service.
[  OK  ] Started Atop process accounting daemon.
[  OK  ] Started Atop advanced performance monitor.
[  OK  ] Finished Resets System Activity Logs.
[  OK  ] Started fan speed regulator.
[  OK  ] Finished Sync /boot/vyos.e… running VyOS image (LS1046A).
[  OK  ] Started LSB: network benchmark.
[  OK  ] Started LSB: Start vmtouch daemon.
[  OK  ] Started D-Bus System Message Bus.
[  OK  ] Started User Login Management.
[  OK  ] Finished Update GRUB loader configuration structure.
[  OK  ] Started VyOS Router.
         Starting Apply fq qdisc on…rfaces (LS1046A BBR pacing)...
         Starting Permit User Sessions...
[  OK  ] Finished Apply fq qdisc on…terfaces (LS1046A BBR pacing).
[  OK  ] Finished Permit User Sessions.
[  OK  ] Started Getty on tty1.
[  OK  ] Started Serial Getty on ttyS0.
[  OK  ] Reached target Login Prompts.
[  OK  ] Started FastNetMon - DoS/D… sFlow/Netflow/mirror support.
[  OK  ] Reached target Multi-User System.
[  OK  ] Reached target VyOS target.
         Starting Fan whistle notification on boot complete...
         Starting Record Runlevel Change in UTMP...
[  OK  ] Finished Record Runlevel Change in UTMP.
         Stopping fan speed regulator...
[  OK  ] Stopped fan speed regulator.
[   31.825195] vyos-router[2201]: Starting VyOS router.
[   35.339785] vyos-router[2201]: Waiting for NICs to settle down: settled in 0sec..
[   35.364977] vyos-router[2201]: could not generate DUID ... failed!
         Starting fan speed regulator...
[  OK  ] Started fan speed regulator.
[  OK  ] Finished Fan whistle notification on boot complete.
[   48.980158] vyos-router[2201]: Mounting VyOS Config...done.
[   55.111921] fsl_dpa soc:fsl,dpaa:ethernet@5 eth0: phy device not initialized
[   55.157333] fsl_dpa soc:fsl,dpaa:ethernet@1 eth1: phy device not initialized
[   55.197932] fsl_dpa soc:fsl,dpaa:ethernet@4 eth2: phy device not initialized
[   55.238930] fsl_dpa soc:fsl,dpaa:ethernet@8 eth3: phy device not initialized
[   55.280218] fsl_dpa soc:fsl,dpaa:ethernet@9 eth4: phy device not initialized
[   59.891052] fsl_dpa soc:fsl,dpaa:ethernet@1 eth1: phy device not initialized
[   59.937222] fsl_dpa soc:fsl,dpaa:ethernet@1 eth1: phy device not initialized
[   60.002422] fsl_dpa soc:fsl,dpaa:ethernet@1 eth1: phy device not initialized
[   60.020514] fsl_dpa soc:fsl,dpaa:ethernet@1 eth1: phy device not initialized
[   60.027592] fsl_dpa soc:fsl,dpaa:ethernet@1 eth1: phy device not initialized
[   61.317799] fsl_dpa soc:fsl,dpaa:ethernet@9 eth4: phy device not initialized
[   61.365714] fsl_dpa soc:fsl,dpaa:ethernet@9 eth4: phy device not initialized
[   61.432255] fsl_dpa soc:fsl,dpaa:ethernet@9 eth4: phy device not initialized
[   61.451322] fsl_dpa soc:fsl,dpaa:ethernet@9 eth4: phy device not initialized
[   61.458508] fsl_dpa soc:fsl,dpaa:ethernet@9 eth4: phy device not initialized
[   62.749695] fsl_dpa soc:fsl,dpaa:ethernet@5 eth0: phy device not initialized
[   62.798920] fsl_dpa soc:fsl,dpaa:ethernet@5 eth0: phy device not initialized
[   62.868352] fsl_dpa soc:fsl,dpaa:ethernet@5 eth0: phy device not initialized
[   62.887430] fsl_dpa soc:fsl,dpaa:ethernet@5 eth0: phy device not initialized
[   62.894638] fsl_dpa soc:fsl,dpaa:ethernet@5 eth0: phy device not initialized
[   64.146947] fsl_dpa soc:fsl,dpaa:ethernet@8 eth3: phy device not initialized
[   64.205197] fsl_dpa soc:fsl,dpaa:ethernet@8 eth3: phy device not initialized
[   64.279729] fsl_dpa soc:fsl,dpaa:ethernet@8 eth3: phy device not initialized
[   64.299946] fsl_dpa soc:fsl,dpaa:ethernet@8 eth3: phy device not initialized
[   64.307311] fsl_dpa soc:fsl,dpaa:ethernet@8 eth3: phy device not initialized
[   65.643397] fsl_dpa soc:fsl,dpaa:ethernet@4 eth2: phy device not initialized
[   65.695657] fsl_dpa soc:fsl,dpaa:ethernet@4 eth2: phy device not initialized
[   65.776085] fsl_dpa soc:fsl,dpaa:ethernet@4 eth2: phy device not initialized
[   65.797441] fsl_dpa soc:fsl,dpaa:ethernet@4 eth2: phy device not initialized
[   65.804524] fsl_dpa soc:fsl,dpaa:ethernet@4 eth2: phy device not initialized
[   86.433294] vyos-router[2201]:  migrate system configure.
[   86.625694] vyos-config[2206]: Configuration success

Welcome to VyOS - vyos ttyS0

vyos login: 


*******************************************************************************
Shutdown sequence
*******************************************************************************

vyos@vyos:~$ sudo reboot

Broadcast message from root@vyos on pts/0 (Tue 2026-04-14 15:31:08 UTC):

The system will reboot now!

vyos@vyos:~$          Stopping Session 1 of User vyos...
[  OK  ] Removed slice Slice /system/modprobe.
[  OK  ] Stopped target Local Encrypted Volumes.
[  OK  ] Stopped target Local Integrity Protected Volumes.
[  OK  ] Stopped target Timer Units.
[  OK  ] Stopped Periodic ext4 Onli…ata Check for All Filesystems.
[  OK  ] Stopped Discard unused blocks once a week.
[  OK  ] Stopped Daily rotation of log files.
[  OK  ] Stopped Run system activit…ounting tool every 10 minutes.
[  OK  ] Stopped Generate summary o…esterday's process accounting.
[  OK  ] Stopped Daily Cleanup of Temporary Directories.
[  OK  ] Stopped target Local Verity Protected Volumes.
[  OK  ] Stopped target VyOS target.
[  OK  ] Stopped target Multi-User System.
[  OK  ] Stopped target Login Prompts.
[  OK  ] Stopped target TLS tunnels…ices - per-config-file target.
         Stopping Deferred execution scheduler...
         Stopping Atop advanced performance monitor...
         Stopping Regular background program processing daemon...
         Stopping DHCP client on eth0...
         Stopping DHCP client on eth1...
         Stopping DHCP client on eth2...
         Stopping DHCP client on eth3...
         Stopping DHCP client on eth4...
         Stopping fan speed regulator...
         Stopping FastNetMon - DoS/…Flow/Netflow/mirror support...
[  OK  ] Stopped Apply fq qdisc on …terfaces (LS1046A BBR pacing).
         Stopping Getty on tty1...
         Stopping LSB: network benchmark...
         Stopping A high performanc… and a reverse proxy server...
         Stopping Serial Getty on ttyS0...
         Stopping OpenBSD Secure Shell server...
[  OK  ] Stopped Resets System Activity Logs.
         Stopping Load/Save Random Seed...
         Stopping Record System Boot/Shutdown in UTMP...
         Stopping LSB: Start vmtouch daemon...
         Stopping VyOS HTTP API service...
[  OK  ] Stopped Sync /boot/vyos.en… running VyOS image (LS1046A).
         Stopping VyOS system update-check service...
[  OK  ] Unmounted /opt/vyatta/config/tmp/new_config_4740.
[  OK  ] Stopped Regular background program processing daemon.
[  OK  ] Stopped Deferred execution scheduler.
[  OK  ] Stopped Atop advanced performance monitor.
[  OK  ] Stopped FastNetMon - DoS/D… sFlow/Netflow/mirror support.
[  OK  ] Stopped fan speed regulator.
[  OK  ] Stopped OpenBSD Secure Shell server.
[  OK  ] Stopped VyOS system update-check service.
[  OK  ] Stopped Serial Getty on ttyS0.
[  OK  ] Stopped Getty on tty1.
[  OK  ] Stopped A high performance…er and a reverse proxy server.
[  OK  ] Stopped Load/Save Random Seed.
[  OK  ] Stopped Session 1 of User vyos.
[  OK  ] Stopped Record System Boot/Shutdown in UTMP.
[  OK  ] Removed slice Slice /system/getty.
[  OK  ] Removed slice Slice /system/serial-getty.
[  OK  ] Removed slice Slice /system/ssh.
         Stopping Atop process accounting daemon...
         Stopping Security Auditing Service...
         Stopping User Login Management...
         Stopping User Manager for UID 1002...
[  OK  ] Stopped Security Auditing Service.
[  OK  ] Stopped User Login Management.
[  OK  ] Stopped Atop process accounting daemon.
[  OK  ] Stopped User Manager for UID 1002.
[  OK  ] Stopped LSB: network benchmark.
[  OK  ] Stopped LSB: Start vmtouch daemon.
[  OK  ] Stopped target Host and Network Name Lookups.
         Stopping PowerDNS Recursor...
         Stopping Permit User Sessions...
         Stopping User Runtime Directory /run/user/1002...
[  OK  ] Unmounted /run/user/1002.
[  OK  ] Stopped PowerDNS Recursor.
[  OK  ] Stopped Permit User Sessions.
[  OK  ] Stopped User Runtime Directory /run/user/1002.
[  OK  ] Removed slice User Slice of UID 1002.
[  OK  ] Stopped target Network is Online.
[  OK  ] Stopped target Network.
[  OK  ] Stopped target Remote File Systems.
         Stopping FRRouting...
         Stopping D-Bus System Message Bus...
[  OK  ] Stopped Create System Files and Directories.
[  OK  ] Unmounted /run/credentials…ystemd-tmpfiles-setup.service.
[  OK  ] Stopped D-Bus System Message Bus.
[  OK  ] Stopped DHCP client on eth3.
[  OK  ] Stopped FRRouting.
[  OK  ] Stopped Apply Kernel Variables.
[  OK  ] Stopped Load Kernel Modules.
[  OK  ] Unmounted /run/credentials/systemd-sysctl.service.
[  OK  ] Stopped VyOS HTTP API service.
[  OK  ] Stopped DHCP client on eth0.
[  OK  ] Stopped DHCP client on eth2.
[  OK  ] Stopped DHCP client on eth4.
[  OK  ] Stopped DHCP client on eth1.
[  OK  ] Removed slice Slice /system/dhclient.
         Stopping VyOS Router...
         Stopping VyOS netlink daemon...
[  OK  ] Stopped VyOS netlink daemon.
[  144.057292] vyos-router[5721]: Stopping VyOS router:.
[  OK  ] Unmounted /opt/vyatta/config.
[  144.084749] vyos-router[5721]: Un-mounting VyOS Config...done.
[  OK  ] Stopped VyOS Router.
[  OK  ] Stopped target Basic System.
[  OK  ] Stopped target Local File Systems.
[  OK  ] Stopped target Path Units.
[  OK  ] Stopped Dispatch Password …ts to Console Directory Watch.
[  OK  ] Stopped Forward Password R…uests to Wall Directory Watch.
[  OK  ] Stopped target Slice Units.
[  OK  ] Removed slice User and Session Slice.
[  OK  ] Stopped target Socket Units.
[  OK  ] Stopped target System Time Synchronized.
[  OK  ] Stopped target System Time Set.
[  OK  ] Closed D-Bus System Message Bus Socket.
[  OK  ] Closed Podman API Socket.
[  OK  ] Closed UUID daemon activation socket.
         Unmounting /boot/grub...
         Unmounting /config...
         Unmounting /etc/cni/net.d...
         Unmounting /etc/frr/frr.conf...
         Unmounting /run/credentials/systemd-sysusers.service...
         Unmounting /run/credential…-tmpfiles-setup-dev.service...
         Unmounting /tmp...
         Unmounting /usr/lib/live/mount/overlay...
         Unmounting /usr/lib/live/m…026.04.14-0331-rolling/grub...
         Unmounting /usr/lib/live/m…04.14-0331-rolling.squashfs...
[  OK  ] Unmounted /boot/grub.
[  OK  ] Unmounted /config.
[  OK  ] Unmounted /etc/cni/net.d.
[  OK  ] Unmounted /etc/frr/frr.conf.
[  OK  ] Unmounted /run/credentials/systemd-sysusers.service.
[  OK  ] Unmounted /run/credentials…md-tmpfiles-setup-dev.service.
[  OK  ] Unmounted /tmp.
[  OK  ] Unmounted /usr/lib/live/mount/overlay.
[  OK  ] Unmounted /usr/lib/live/mo…/2026.04.14-0331-rolling/grub.
[  OK  ] Unmounted /usr/lib/live/mo…6.04.14-0331-rolling.squashfs.
[  OK  ] Stopped target Swaps.
         Unmounting boot.mount...
         Unmounting /usr/lib/live/mount/persistence...
[  OK  ] Unmounted boot.mount.
[FAILED] Failed unmounting /usr/lib/live/mount/persistence.
[  OK  ] Stopped target Preparation for Local File Systems.
[  OK  ] Reached target Unmount All Filesystems.
[  OK  ] Stopped Create Static Device Nodes in /dev.
[  OK  ] Stopped Create System Users.
[  OK  ] Stopped Remount Root and Kernel File Systems.
[  OK  ] Reached target System Shutdown.
[  OK  ] Reached target Late Shutdown Services.
[  OK  ] Finished System Reboot.
[  OK  ] Reached target System Reboot.
[  145.711827] watchdog: watchdog0: watchdog did not stop!
[  146.302701] (sd-umount)[5778]: Failed to unmount /usr/lib/live/mount/persistence: Device or resource busy
[  146.315981] systemd-shutdown[1]: Could not detach loopback /dev/loop0: Device or resource busy
[  146.324623] watchdog: watchdog0: watchdog did not stop!
[  146.411500] systemd-shutdown[1]: Failed to finalize file systems, loop devices, ignoring.
[  146.432419] imx2-wdt 2ad0000.watchdog: Device shutdown.
[  146.437921] reboot: Restarting system
