=> usb start; fatload usb 0:2 ${load_addr} boot.scr; source ${load_addr}
starting USB...
Bus usb@2f00000: Register 200017f NbrPorts 2
Starting the controller
USB XHCI 1.00
scanning bus usb@2f00000 for devices... 2 USB Device(s) found
       scanning usb for storage devices... 1 Storage Device(s) found
1242 bytes read in 4 ms (302.7 KiB/s)
## Executing script at a0000000
=== VyOS LS1046A USB Live Boot ===

10316778 bytes read in 262 ms (37.6 MiB/s)
92452 bytes read in 4 ms (22 MiB/s)
33133101 bytes read in 830 ms (38.1 MiB/s)
Booting VyOS live from USB...
   Uncompressing Kernel Image to 0
## Flattened Device Tree blob at 88000000
   Booting using the fdt blob at 0x88000000
Working FDT set to 88000000
   Loading Ramdisk to f8c67000, end fac0022d ... OK
   Loading Device Tree to 00000000f8c3d000, end 00000000f8c66923 ... OK
Working FDT set to f8c3d000
PCIe1: pcie@3400000 Root Complex: no link
PCIe2: pcie@3500000 disabled
PCIe3: pcie@3600000 Root Complex: no link
WARNING failed to get smmu node: FDT_ERR_NOTFOUND
WARNING failed to get smmu node: FDT_ERR_NOTFOUND

Starting kernel ...

[    0.000000] Booting Linux on physical CPU 0x0000000000 [0x410fd082]
[    0.000000] Linux version 6.6.133-vyos (root@b27170a9cd17) (gcc (Debian 12.2.0-14+deb12u1) 12.2.0, GNU ld (GNU Binutils for Debian) 2.40) #1 SMP PREEMPT_DYNAMIC Tue Apr 14 20:26:34 UTC 2026
[    0.000000] KASLR enabled
[    0.000000] Machine model: Mono Gateway Development Kit
[    0.000000] earlycon: uart8250 at MMIO 0x00000000021c0500 (options '')
[    0.000000] printk: bootconsole [uart8250] enabled
[    0.000000] efi: UEFI not found.
[    0.000000] OF: reserved mem: initialized node qman-pfdr, compatible id fsl,qman-pfdr
[    0.000000] OF: reserved mem: 0x00000009fc000000..0x00000009fdffffff (32768 KiB) nomap non-reusable qman-pfdr
[    0.000000] OF: reserved mem: initialized node qman-fqd, compatible id fsl,qman-fqd
[    0.000000] OF: reserved mem: 0x00000009fe800000..0x00000009feffffff (8192 KiB) nomap non-reusable qman-fqd
[    0.000000] OF: reserved mem: initialized node bman-fbpr, compatible id fsl,bman-fbpr
[    0.000000] OF: reserved mem: 0x00000009ff000000..0x00000009ffffffff (16384 KiB) nomap non-reusable bman-fbpr
[    0.000000] NUMA: No NUMA configuration found
[    0.000000] NUMA: Faking a node at [mem 0x0000000080000000-0x00000009ffffffff]
[    0.000000] NUMA: NODE_DATA [mem 0x9fb7f41c0-0x9fb7f7fff]
[    0.000000] Zone ranges:
[    0.000000]   DMA      [mem 0x0000000080000000-0x00000000ffffffff]
[    0.000000]   DMA32    empty
[    0.000000]   Normal   [mem 0x0000000100000000-0x00000009ffffffff]
[    0.000000] Movable zone start for each node
[    0.000000] Early memory node ranges
[    0.000000]   node   0: [mem 0x0000000080000000-0x00000000fbdfffff]
[    0.000000]   node   0: [mem 0x0000000880000000-0x00000009fbffffff]
[    0.000000]   node   0: [mem 0x00000009fc000000-0x00000009fdffffff]
[    0.000000]   node   0: [mem 0x00000009fe000000-0x00000009fe7fffff]
[    0.000000]   node   0: [mem 0x00000009fe800000-0x00000009ffffffff]
[    0.000000] Initmem setup node 0 [mem 0x0000000080000000-0x00000009ffffffff]
[    0.000000] On node 0, zone Normal: 16896 pages in unavailable ranges
[    0.000000] cma: Reserved 32 MiB at 0x00000000f6c00000 on node -1
[    0.000000] psci: probing for conduit method from DT.
[    0.000000] psci: PSCIv1.1 detected in firmware.
[    0.000000] psci: Using standard PSCI v0.2 function IDs
[    0.000000] psci: MIGRATE_INFO_TYPE not supported.
[    0.000000] psci: SMC Calling Convention v1.5
[    0.000000] percpu: Embedded 32 pages/cpu s93736 r8192 d29144 u131072
[    0.000000] Detected PIPT I-cache on CPU0
[    0.000000] CPU features: detected: Spectre-v2
[    0.000000] CPU features: detected: Spectre-v3a
[    0.000000] CPU features: detected: Spectre-BHB
[    0.000000] CPU features: kernel page table isolation forced ON by KASLR
[    0.000000] CPU features: detected: Kernel page table isolation (KPTI)
[    0.000000] CPU features: detected: ARM erratum 1742098
[    0.000000] CPU features: detected: ARM errata 1165522, 1319367, or 1530923
[    0.000000] alternatives: applying boot alternatives
[    0.000000] Kernel command line: console=ttyS0,115200 earlycon=uart8250,mmio,0x21c0500 boot=live live-media=/dev/sda rootdelay=5 components noeject nopersistence noautologin nonetworking union=overlay net.ifnames=0 fsl_dpaa_fman.fsl_fm_max_frm=9600 panic=60
[    0.000000] Unknown kernel command line parameters "components noeject nopersistence noautologin nonetworking boot=live live-media=/dev/sda union=overlay", will be passed to user space.
[    0.000000] Dentry cache hash table entries: 1048576 (order: 11, 8388608 bytes, linear)
[    0.000000] Inode-cache hash table entries: 524288 (order: 10, 4194304 bytes, linear)
[    0.000000] Fallback order for Node 0: 0 
[    0.000000] Built 1 zonelists, mobility grouping on.  Total pages: 2047488
[    0.000000] Policy zone: Normal
[    0.000000] mem auto-init: stack:off, heap alloc:off, heap free:off
[    0.000000] software IO TLB: area num 4.
[    0.000000] software IO TLB: mapped [mem 0x00000000f2c00000-0x00000000f6c00000] (64MB)
[    0.000000] Memory: 7943420K/8321024K available (13568K kernel code, 2576K rwdata, 5820K rodata, 4992K init, 1139K bss, 344836K reserved, 32768K cma-reserved)
[    0.000000] SLUB: HWalign=64, Order=0-3, MinObjects=0, CPUs=4, Nodes=1
[    0.000000] Dynamic Preempt: none
[    0.000000] rcu: Preemptible hierarchical RCU implementation.
[    0.000000] rcu:     RCU restricting CPUs from NR_CPUS=256 to nr_cpu_ids=4.
[    0.000000]  Trampoline variant of Tasks RCU enabled.
[    0.000000]  Tracing variant of Tasks RCU enabled.
[    0.000000] rcu: RCU calculated value of scheduler-enlistment delay is 100 jiffies.
[    0.000000] rcu: Adjusting geometry for rcu_fanout_leaf=16, nr_cpu_ids=4
[    0.000000] NR_IRQS: 64, nr_irqs: 64, preallocated irqs: 0
[    0.000000] GIC: Adjusting CPU interface base to 0x000000000142f000
[    0.000000] Root IRQ handler: gic_handle_irq
[    0.000000] GIC: Using split EOI/Deactivate mode
[    0.000000] rcu: srcu_init: Setting srcu_struct sizes based on contention.
[    0.000000] arch_timer: cp15 timer(s) running at 25.00MHz (phys).
[    0.000000] clocksource: arch_sys_counter: mask: 0xffffffffffffff max_cycles: 0x5c40939b5, max_idle_ns: 440795202646 ns
[    0.000000] sched_clock: 56 bits at 25MHz, resolution 40ns, wraps every 4398046511100ns
[    0.008485] Console: colour dummy device 80x25
[    0.013791] Calibrating delay loop (skipped), value calculated using timer frequency.. 50.00 BogoMIPS (lpj=25000)
[    0.024127] pid_max: default: 32768 minimum: 301
[    0.030809] Mount-cache hash table entries: 16384 (order: 5, 131072 bytes, linear)
[    0.038449] Mountpoint-cache hash table entries: 16384 (order: 5, 131072 bytes, linear)
[    0.048570] RCU Tasks: Setting shift to 2 and lim to 1 rcu_task_cb_adjust=1 rcu_task_cpu_ids=4.
[    0.057382] RCU Tasks Trace: Setting shift to 2 and lim to 1 rcu_task_cb_adjust=1 rcu_task_cpu_ids=4.
[    0.066779] rcu: Hierarchical SRCU implementation.
[    0.071601] rcu:     Max phase no-delay instances is 400.
[    0.077318] EFI services will not be available.
[    0.082036] smp: Bringing up secondary CPUs ...
[    0.086935] Detected PIPT I-cache on CPU1
[    0.086981] CPU1: Booted secondary processor 0x0000000001 [0x410fd082]
[    0.087332] Detected PIPT I-cache on CPU2
[    0.087364] CPU2: Booted secondary processor 0x0000000002 [0x410fd082]
[    0.087725] Detected PIPT I-cache on CPU3
[    0.087758] CPU3: Booted secondary processor 0x0000000003 [0x410fd082]
[    0.087802] smp: Brought up 1 node, 4 CPUs
[    0.123709] SMP: Total of 4 processors activated.
[    0.128441] CPU features: detected: 32-bit EL0 Support
[    0.133608] CPU features: detected: 32-bit EL1 Support
[    0.138777] CPU features: detected: CRC32 instructions
[    0.143985] CPU: All CPU(s) started at EL2
[    0.148117] alternatives: applying system-wide alternatives
[    0.154875] devtmpfs: initialized
[    0.163612] clocksource: jiffies: mask: 0xffffffff max_cycles: 0xffffffff, max_idle_ns: 1911260446275000 ns
[    0.173430] futex hash table entries: 1024 (order: 4, 65536 bytes, linear)
[    0.180856] pinctrl core: initialized pinctrl subsystem
[    0.186543] Machine: Mono Gateway Development Kit
[    0.191276] SoC family: QorIQ LS1046A
[    0.194957] SoC ID: svr:0x87070010, Revision: 1.0
[    0.199922] DMI not present or invalid.
[    0.204534] NET: Registered PF_NETLINK/PF_ROUTE protocol family
[    0.211019] DMA: preallocated 1024 KiB GFP_KERNEL pool for atomic allocations
[    0.218355] DMA: preallocated 1024 KiB GFP_KERNEL|GFP_DMA pool for atomic allocations
[    0.226469] DMA: preallocated 1024 KiB GFP_KERNEL|GFP_DMA32 pool for atomic allocations
[    0.235083] audit: initializing netlink subsys (disabled)
[    0.240603] audit: type=2000 audit(0.049:1): state=initialized audit_enabled=0 res=1
[    0.241106] thermal_sys: Registered thermal governor 'step_wise'
[    0.248402] thermal_sys: Registered thermal governor 'user_space'
[    0.254464] cpuidle: using governor menu
[    0.264598] Bman ver:0a02,02,01
[    0.269170] qman-fqd addr 0x00000009fe800000 size 0x800000
[    0.274690] qman-pfdr addr 0x00000009fc000000 size 0x2000000
[    0.280387] Qman ver:0a01,03,02,01
[    0.283919] hw-breakpoint: found 6 breakpoint and 4 watchpoint registers.
[    0.290798] ASID allocator initialised with 32768 entries
[    0.296755] Serial: AMBA PL011 UART driver
[    0.313614] Modules: 2G module region forced by RANDOMIZE_MODULE_REGION_FULL
[    0.320717] Modules: 0 pages in range for non-PLT usage
[    0.320719] Modules: 517216 pages in range for PLT usage
[    0.326570] HugeTLB: registered 1.00 GiB page size, pre-allocated 0 pages
[    0.338754] HugeTLB: 0 KiB vmemmap can be freed for a 1.00 GiB page
[    0.345061] HugeTLB: registered 32.0 MiB page size, pre-allocated 0 pages
[    0.351891] HugeTLB: 0 KiB vmemmap can be freed for a 32.0 MiB page
[    0.358197] HugeTLB: registered 2.00 MiB page size, pre-allocated 0 pages
[    0.365027] HugeTLB: 0 KiB vmemmap can be freed for a 2.00 MiB page
[    0.371333] HugeTLB: registered 64.0 KiB page size, pre-allocated 0 pages
[    0.378162] HugeTLB: 0 KiB vmemmap can be freed for a 64.0 KiB page
[    0.402513] raid6: neonx8   gen()  4770 MB/s
[    0.423847] raid6: neonx4   gen()  4630 MB/s
[    0.445174] raid6: neonx2   gen()  3824 MB/s
[    0.466507] raid6: neonx1   gen()  2787 MB/s
[    0.487842] raid6: int64x8  gen()  2685 MB/s
[    0.509175] raid6: int64x4  gen()  2616 MB/s
[    0.530504] raid6: int64x2  gen()  2529 MB/s
[    0.551839] raid6: int64x1  gen()  1954 MB/s
[    0.556132] raid6: using algorithm neonx8 gen() 4770 MB/s
[    0.578598] raid6: .... xor() 3435 MB/s, rmw enabled
[    0.583591] raid6: using neon recovery algorithm
[    0.588605] ACPI: Interpreter disabled.
[    0.593862] iommu: Default domain type: Translated
[    0.598685] iommu: DMA domain TLB invalidation policy: lazy mode
[    0.604991] usbcore: registered new interface driver usbfs
[    0.610529] usbcore: registered new interface driver hub
[    0.615889] usbcore: registered new device driver usb
[    0.621307] imx-i2c 2180000.i2c: can't get pinctrl, bus recovery not supported
[    0.628693] i2c i2c-0: IMX I2C adapter registered
[    0.633453] i2c i2c-0: using dma0chan16 (tx) and dma0chan17 (rx) for DMA transfers
[    0.641166] imx-i2c 2190000.i2c: can't get pinctrl, bus recovery not supported
[    0.648523] i2c i2c-1: IMX I2C adapter registered
[    0.653347] imx-i2c 21a0000.i2c: can't get pinctrl, bus recovery not supported
[    0.660724] i2c i2c-2: IMX I2C adapter registered
[    0.665578] imx-i2c 21b0000.i2c: can't get pinctrl, bus recovery not supported
[    0.672899] i2c i2c-3: IMX I2C adapter registered
[    0.677804] pps_core: LinuxPPS API ver. 1 registered
[    0.682800] pps_core: Software ver. 5.3.6 - Copyright 2005-2007 Rodolfo Giometti <giometti@linux.it>
[    0.692003] PTP clock support registered
[    0.696101] EDAC MC: Ver: 3.0.0
[    0.699617] scmi_core: SCMI protocol bus registered
[    0.704580] bman-fbpr addr 0x00000009ff000000 size 0x1000000
[    0.710312] Bman err interrupt handler present
[    0.715481] Bman portal initialised, cpu 0
[    0.719654] Bman portal initialised, cpu 1
[    0.723832] Bman portal initialised, cpu 2
[    0.728011] Bman portal initialised, cpu 3
[    0.732132] Bman portals initialised
[    0.742008] Qman err interrupt handler present
[    0.746845] QMan: Allocated lookup table at (____ptrval____), entry count 131073
[    0.754918] QMan doesn't need cleanup, uninhibiting IRQs
[    0.760268] Qman portal initialised, cpu 0
[    0.764449] QMan doesn't need cleanup, uninhibiting IRQs
[    0.769794] Qman portal initialised, cpu 1
[    0.773958] QMan doesn't need cleanup, uninhibiting IRQs
[    0.779303] Qman portal initialised, cpu 2
[    0.783475] QMan doesn't need cleanup, uninhibiting IRQs
[    0.788819] Qman portal initialised, cpu 3
[    0.792937] Qman portals initialised
[    0.796596] Bman: BPID allocator includes range 32:32
[    0.801716] Qman: FQID allocator includes range 256:256
[    0.806972] Qman: FQID allocator includes range 32768:32768
[    0.812621] Qman: CGRID allocator includes range 0:256
[    0.817925] Qman: pool channel allocator includes range 1025:15
[    0.823964] No USDPAA memory, no 'fsl,usdpaa-mem' in device-tree
[    0.830819] clocksource: Switched to clocksource arch_sys_counter
[    0.838286] pnp: PnP ACPI: disabled
[    0.846048] NET: Registered PF_INET protocol family
[    0.851158] IP idents hash table entries: 131072 (order: 8, 1048576 bytes, linear)
[    0.862484] ipsec_flow_init 
[    0.865556] tcp_listen_portaddr_hash hash table entries: 4096 (order: 4, 65536 bytes, linear)
[    0.874176] Table-perturb hash table entries: 65536 (order: 6, 262144 bytes, linear)
[    0.881985] TCP established hash table entries: 65536 (order: 7, 524288 bytes, linear)
[    0.890218] TCP bind hash table entries: 65536 (order: 9, 2097152 bytes, linear)
[    0.898759] TCP: Hash tables configured (established 65536 bind 65536)
[    0.905663] MPTCP token hash table entries: 8192 (order: 6, 196608 bytes, linear)
[    0.913406] UDP hash table entries: 4096 (order: 5, 131072 bytes, linear)
[    0.920337] UDP-Lite hash table entries: 4096 (order: 5, 131072 bytes, linear)
[    0.927868] NET: Registered PF_UNIX/PF_LOCAL protocol family
[    0.933580] NET: Registered PF_XDP protocol family
[    0.938409] PCI: CLS 0 bytes, default 64
[    0.942505] Trying to unpack rootfs image as initramfs...
[    0.950964] kvm [1]: IPA Size Limit: 44 bits
[    0.955933] kvm [1]: vgic interrupt IRQ9
[    0.959914] kvm [1]: Hyp mode initialized successfully
[    0.965901] Initialise system trusted keyrings
[    0.970526] workingset: timestamp_bits=40 max_order=21 bucket_order=0
[    0.977909] squashfs: version 4.0 (2009/01/31) Phillip Lougher
[    1.001889] xor: measuring software checksum speed
[    1.007151]    8regs           :  7617 MB/sec
[    1.011936]    32regs          :  8324 MB/sec
[    1.016811]    arm64_neon      :  6724 MB/sec
[    1.021204] xor: using function: 32regs (8324 MB/sec)
[    1.026296] async_tx: api initialized (async)
[    1.030685] Key type asymmetric registered
[    1.034810] Asymmetric key parser 'x509' registered
[    1.039806] Block layer SCSI generic (bsg) driver version 0.4 loaded (major 248)
[    1.047269] io scheduler mq-deadline registered
[    1.051833] io scheduler kyber registered
[    1.055982] io scheduler bfq registered
[    1.066894] shpchp: Standard Hot Plug PCI Controller Driver version: 0.4
[    1.081450] Serial: 8250/16550 driver, 4 ports, IRQ sharing enabled
[    1.089549] printk: console [ttyS0] disabled
[    1.094083] 21c0500.serial: ttyS0 at MMIO 0x21c0500 (irq = 56, base_baud = 18750000) is a 16550A
[    1.102961] printk: console [ttyS0] enabled
[    1.102961] printk: console [ttyS0] enabled
[    1.111359] printk: bootconsole [uart8250] disabled
[    1.111359] printk: bootconsole [uart8250] disabled
[    1.121763] 21c0600.serial: ttyS1 at MMIO 0x21c0600 (irq = 56, base_baud = 18750000) is a 16550A
[    1.130679] serial serial0: tty port ttyS1 registered
[    1.139404] spi-nor spi1.0: n25q512a (65536 Kbytes)
[    1.456862] Freeing initrd memory: 32356K
[    1.467292] 9 fixed-partitions partitions found on MTD device 1550000.spi
[    1.474102] Creating 9 MTD partitions on "1550000.spi":
[    1.479340] 0x000000000000-0x000004000000 : "flash"
[    1.484469] 0x000000000000-0x000000100000 : "rcw-bl2"
[    1.489697] 0x000000100000-0x000000300000 : "uboot"
[    1.494746] 0x000000300000-0x000000400000 : "uboot-env"
[    1.500140] 0x000000400000-0x000000500000 : "fman-ucode"
[    1.505624] 0x000000500000-0x000000600000 : "recovery-dtb"
[    1.511279] 0x000000600000-0x000000a00000 : "backup"
[    1.516411] 0x000000a00000-0x000002000000 : "kernel-initramfs"
[    1.522408] 0x000002000000-0x000004000000 : "unallocated"
[    1.535775] Maxlinear Ethernet GPY115C 0x0000000001afd000:00: Firmware Version: 8.111 (0x886F)
[    1.551726] Maxlinear Ethernet GPY115C 0x0000000001afd000:01: Firmware Version: 8.111 (0x886F)
[    1.567648] Maxlinear Ethernet GPY115C 0x0000000001afd000:02: Firmware Version: 8.111 (0x886F)
[    1.628729] FM_Config(3449) FMan-Controller code (ver 210.10.1) (0xd20a01)
[    1.642083] FM_Init(3616) FMan-Controller code (ver 210.10.1) (0xd20a01)
[    1.652020] Freescale FM module, FMD API version 21.1.0
[    1.657555] FM_PCD_Init::ext timers 4, base ptr (____ptrval____), muram base (____ptrval____), offset 3f508
[    1.667624] FM_PCD_Init(1292) pIntMuramPtr (____ptrval____) InternalBufMgmtMuramArea 40200, size 0x8100 
[    1.677112] FM_PCD_Init(1302) pIntMuramPtr (____ptrval____) InternalBufMgmtMuramArea 402 
[    1.687757] Freescale FM Ports module
[    1.691425] fsl_mac: fsl_mac: FSL FMan MAC API based driver
[    1.697233] fsl_mac 1ae2000.ethernet: FMan MEMAC
[    1.701857] fsl_mac 1ae2000.ethernet: FMan MAC address: e8:f6:d7:00:16:01
[    1.708824] fsl_mac 1ae8000.ethernet: FMan MEMAC
[    1.713452] fsl_mac 1ae8000.ethernet: FMan MAC address: e8:f6:d7:00:15:ff
[    1.720420] fsl_mac 1aea000.ethernet: FMan MEMAC
[    1.725042] fsl_mac 1aea000.ethernet: FMan MAC address: e8:f6:d7:00:16:00
[    1.737093] fsl_mac 1af0000.ethernet: FMan MEMAC
[    1.741732] fsl_mac 1af0000.ethernet: FMan MAC address: e8:f6:d7:00:16:02
[    1.753691] fsl_mac 1af2000.ethernet: FMan MEMAC
[    1.758324] fsl_mac 1af2000.ethernet: FMan MAC address: e8:f6:d7:00:16:03
[    1.765177] fsl_dpa: FSL DPAA Ethernet driver
[    1.769872] *********dpa_set_buffers_layout(677) internal buffer offset 96
[    1.776808] dpaa_eth_priv_probe::bpid 0, count 640 
[    1.776817] adj count 640
[    1.793592] fsl_dpa: fsl_dpa: Probed interface eth0
[    1.798753] *********dpa_set_buffers_layout(677) internal buffer offset 96
[    1.805708] dpaa_eth_priv_probe::bpid 32, count 640 
[    1.805712] adj count 640
[    1.823440] fsl_dpa: fsl_dpa: Probed interface eth1
[    1.828593] *********dpa_set_buffers_layout(677) internal buffer offset 96
[    1.835548] dpaa_eth_priv_probe::bpid 32, count 640 
[    1.835551] adj count 640
[    1.854138] fsl_dpa: fsl_dpa: Probed interface eth2
[    1.859257] *********dpa_set_buffers_layout(677) internal buffer offset 96
[    1.866216] dpaa_eth_priv_probe::bpid 32, count 640 
[    1.866220] adj count 640
[    1.885676] fsl_dpa: fsl_dpa: Probed interface eth3
[    1.890802] *********dpa_set_buffers_layout(677) internal buffer offset 96
[    1.897763] dpaa_eth_priv_probe::bpid 32, count 640 
[    1.897766] adj count 640
[    1.918068] fsl_dpa: fsl_dpa: Probed interface eth4
[    1.923004] fsl_advanced: FSL DPAA Advanced drivers:
[    1.927978] fsl_proxy: FSL DPAA Proxy initialization driver
[    1.933740] fsl_oh: FSL FMan Offline Parsing port driver
[    1.939171] fsl_oh 1a00000.fman:dpa-fman0-oh@2: Found OH node handle compatible with fsl,dpa-oh
[    1.947894] fsl_oh 1a00000.fman:dpa-fman0-oh@2: Allocating 0 ingress frame queues duples
[    1.955999] fsl_oh 1a00000.fman:dpa-fman0-oh@2: OH port port@83000 has no buffer pool. Fragmentation will not be enabled
[    1.966896] InitLowLevelDriver::of port FM-0-port-OH-1 id 1, handle (____ptrval____)
[    1.974684] fsl_oh 1a00000.fman:dpa-fman0-oh@2: OH port port@83000 enabled.
[    1.981652] fsl_oh 1a00000.fman:dpa-fman0-oh@2: found OH port dpa-fman0-oh@2, fman 0, port 2
[    1.990095] fsl_oh 1a00000.fman:dpa-fman0-oh@2: Default egress frame queue: 97
[    1.997320] fsl_oh 1a00000.fman:dpa-fman0-oh@2: Default error frame queue: 96
[    2.004465] fsl_oh 1a00000.fman:dpa-fman0-oh@2: Initialized queues:
[    2.010773] fsl_oh 1a00000.fman:dpa-fman0-oh@3: Found OH node handle compatible with fsl,dpa-oh
[    2.019496] fsl_oh 1a00000.fman:dpa-fman0-oh@3: Allocating 0 ingress frame queues duples
[    2.027597] fsl_oh 1a00000.fman:dpa-fman0-oh@3: OH port port@84000 has no buffer pool. Fragmentation will not be enabled
[    2.038484] InitLowLevelDriver::of port FM-0-port-OH-2 id 2, handle (____ptrval____)
[    2.046249] fsl_oh 1a00000.fman:dpa-fman0-oh@3: OH port port@84000 enabled.
[    2.053216] fsl_oh 1a00000.fman:dpa-fman0-oh@3: found OH port dpa-fman0-oh@3, fman 0, port 3
[    2.061660] fsl_oh 1a00000.fman:dpa-fman0-oh@3: Default egress frame queue: 99
[    2.068886] fsl_oh 1a00000.fman:dpa-fman0-oh@3: Default error frame queue: 98
[    2.076024] fsl_oh 1a00000.fman:dpa-fman0-oh@3: Initialized queues:
[    2.082611] VFIO - User Level meta-driver version: 0.3
[    2.087992] pca954x 0-0070: supply vdd not found, using dummy regulator
[    2.095365] i2c i2c-0: Added multiplexed i2c bus 4
[    2.100263] i2c i2c-0: Added multiplexed i2c bus 5
[    2.105152] i2c i2c-0: Added multiplexed i2c bus 6
[    2.110045] i2c i2c-0: Added multiplexed i2c bus 7
[    2.114840] pca954x 0-0070: registered 4 multiplexed busses for I2C switch pca9545
[    2.122475] pca954x 1-0070: supply vdd not found, using dummy regulator
[    2.129807] i2c i2c-1: Added multiplexed i2c bus 8
[    2.134659] i2c i2c-1: Added multiplexed i2c bus 9
[    2.139501] i2c i2c-1: Added multiplexed i2c bus 10
[    2.144423] i2c i2c-1: Added multiplexed i2c bus 11
[    2.149306] pca954x 1-0070: registered 4 multiplexed busses for I2C switch pca9545
[    2.156944] pca954x 2-0070: supply vdd not found, using dummy regulator
[    2.164429] i2c i2c-2: Added multiplexed i2c bus 12
[    2.169536] i2c i2c-2: Added multiplexed i2c bus 13
[    2.192781] rtc-pcf2127-i2c 14-0053: registered as rtc0
[    2.200323] rtc-pcf2127-i2c 14-0053: setting system clock to 2026-04-14T20:55:39 UTC (1776200139)
[    2.209279] i2c i2c-2: Added multiplexed i2c bus 14
[    2.214262] i2c i2c-2: Added multiplexed i2c bus 15
[    2.219147] pca954x 2-0070: registered 4 multiplexed busses for I2C switch pca9545
[    2.232666] ina2xx 12-0040: supply vs not found, using dummy regulator
[    2.241855] ina2xx 12-0040: power monitor ina234 (Rshunt = 1000 uOhm)
[    2.248362] ina2xx 12-0041: supply vs not found, using dummy regulator
[    2.256932] ina2xx 12-0041: power monitor ina234 (Rshunt = 1000 uOhm)
[    2.263432] ina2xx 12-0042: supply vs not found, using dummy regulator
[    2.271989] ina2xx 12-0042: power monitor ina234 (Rshunt = 1000 uOhm)
[    2.278487] ina2xx 12-0043: supply vs not found, using dummy regulator
[    2.287065] ina2xx 12-0043: power monitor ina234 (Rshunt = 5000 uOhm)
[    2.293564] ina2xx 13-0040: supply vs not found, using dummy regulator
[    2.302641] ina2xx 13-0040: power monitor ina234 (Rshunt = 5000 uOhm)
[    2.309149] ina2xx 13-0041: supply vs not found, using dummy regulator
[    2.317642] ina2xx 13-0041: power monitor ina234 (Rshunt = 5000 uOhm)
[    2.324163] ina2xx 13-0042: supply vs not found, using dummy regulator
[    2.332645] ina2xx 13-0042: power monitor ina234 (Rshunt = 5000 uOhm)
[    2.339143] ina2xx 13-0043: supply vs not found, using dummy regulator
[    2.347644] ina2xx 13-0043: power monitor ina234 (Rshunt = 1000 uOhm)
[    2.355348] device-mapper: uevent: version 1.0.3
[    2.360100] device-mapper: ioctl: 4.48.0-ioctl (2023-03-01) initialised: dm-devel@redhat.com
[    2.369132] qoriq-cpufreq qoriq-cpufreq: Freescale QorIQ CPU frequency scaling driver
[    2.377833] ledtrig-cpu: registered to indicate activity on CPUs
[    2.418520] SMCCC: SOC_ID: ARCH_SOC_ID not implemented, skipping ....
[    2.425231] caam 1700000.crypto: device ID = 0x0a11030100000000 (Era 8)
[    2.431860] caam 1700000.crypto: job rings = 3, qi = 1
[    2.438585] caam algorithms registered in /proc/crypto
[    2.443838] caam 1700000.crypto: caam pkc algorithms registered in /proc/crypto
[    2.451157] caam 1700000.crypto: registering rng-caam
[    2.456297] caam 1700000.crypto: rng crypto API alg registered prng-caam
[    2.464385] Freescale USDPAA process driver
[    2.468576] Freescale USDPAA process driver
[    2.472761] fsl-usdpaa: no region found
[    2.476595] Freescale USDPAA process IRQ driver
[    2.481777] hw perfevents: enabled with armv8_cortex_a72 PMU driver, 7 counters available
[    2.482981] random: crng init done
[    2.493763] drop_monitor: Initializing network drop monitor service
[    2.501061] NET: Registered PF_INET6 protocol family
[    2.526386] Segment Routing with IPv6
[    2.530079] In-situ OAM (IOAM) with IPv6
[    2.534047] mip6: Mobile IPv6
[    2.537046] NET: Registered PF_KEY protocol family
[    2.541838] Initializing NETLINK_KEY socket
[    2.546093] Key type dns_resolver registered
[    2.550381] mpls_gso: MPLS GSO support
[    2.557917] registered taskstats version 1
[    2.562126] Loading compiled-in X.509 certificates
[    2.579035] Loaded X.509 cert 'VyOS Networks build time autogenerated Kernel key: 86e01be93daa95823bbe371b152635ec8f9b44a0'
[    2.602144] Loaded X.509 cert 'VyOS LS1046A Secure Boot CA: ed9ff86ac8d3dc1144144291a885ffd7bcd198db'
[    2.617344] sfp sfp-xfi0: Host maximum power 3.0W
[    2.622525] sfp sfp-xfi1: Host maximum power 3.0W
[    2.627614] ASK fp_netfilter: hooks registered + conntrack force-enabled
[    2.634386] clk: Disabling unused clocks
[    2.639936] Freeing unused kernel memory: 4992K
[    2.683652] Checked W+X mappings: passed, no W+X pages found
[    2.689334] Run /init as init process
Loading, please wait...
Starting systemd-udevd version 252.39-1~deb12u1
[    2.956673] sfp sfp-xfi1: module OEM              SFP-H10GB-CU1M   rev R    sn CSC240509160290  dc 240527  
[    2.990389] sdhci: Secure Digital Host Controller Interface driver
[    2.996606] sdhci: Copyright(c) Pierre Ossman
[    3.000133] sfp sfp-xfi0: module OEM              SFP-10G-T        rev 02   sn CSY101OB0963     dc 241012  
[    3.042149] sdhci-pltfm: SDHCI platform and OF driver helper
[    3.046502] hwmon hwmon12: temp1_input not attached to any thermal zone
[    3.082293] fsl_dpa soc:fsl,dpaa:ethernet@8 e5: renamed from eth3
[    3.093103] fsl_dpa soc:fsl,dpaa:ethernet@4 e3: renamed from eth1
[    3.106503] fsl_dpa soc:fsl,dpaa:ethernet@1 e2: renamed from eth0
[    3.111847] mmc0: SDHCI controller on 1560000.mmc [1560000.mmc] using ADMA 64-bit
[    3.121486] fsl_dpa soc:fsl,dpaa:ethernet@5 e4: renamed from eth2
[    3.132723] xhci-hcd xhci-hcd.0.auto: xHCI Host Controller
[    3.134066] fsl_dpa soc:fsl,dpaa:ethernet@9 e6: renamed from eth4
[    3.138242] xhci-hcd xhci-hcd.0.auto: new USB bus registered, assigned bus number 1
[    3.152049] xhci-hcd xhci-hcd.0.auto: hcc params 0x0220f66d hci version 0x100 quirks 0x0000008002000810
[    3.161479] xhci-hcd xhci-hcd.0.auto: irq 74, io mem 0x02f00000
[    3.167483] xhci-hcd xhci-hcd.0.auto: xHCI Host Controller
[    3.172976] xhci-hcd xhci-hcd.0.auto: new USB bus registered, assigned bus number 2
[    3.180641] xhci-hcd xhci-hcd.0.auto: Host supports USB 3.0 SuperSpeed
[    3.187348] usb usb1: New USB device found, idVendor=1d6b, idProduct=0002, bcdDevice= 6.06
[    3.195629] usb usb1: New USB device strings: Mfr=3, Product=2, SerialNumber=1
[    3.202860] usb usb1: Product: xHCI Host Controller
[    3.207738] usb usb1: Manufacturer: Linux 6.6.133-vyos xhci-hcd
[    3.213660] usb usb1: SerialNumber: xhci-hcd.0.auto
[    3.218829] hub 1-0:1.0: USB hub found
[    3.222604] hub 1-0:1.0: 1 port detected
[    3.226858] usb usb2: New USB device found, idVendor=1d6b, idProduct=0003, bcdDevice= 6.06
[    3.235156] usb usb2: New USB device strings: Mfr=3, Product=2, SerialNumber=1
[    3.242394] usb usb2: Product: xHCI Host Controller
[    3.247286] usb usb2: Manufacturer: Linux 6.6.133-vyos xhci-hcd
[    3.253212] usb usb2: SerialNumber: xhci-hcd.0.auto
[    3.258402] hub 2-0:1.0: USB hub found
[    3.262182] hub 2-0:1.0: 1 port detected
[    3.274600] mmc0: new HS200 MMC card at address 0001
Begin: Loading essential drivers ... [    3.284456] mmcblk0: mmc0:0001 0IM20E 29.6 GiB
[    3.293182]  mmcblk0: p1 p2 p3
[    3.296795] mmcblk0boot0: mmc0:0001 0IM20E 31.5 MiB
[    3.302600] mmcblk0boot1: mmc0:0001 0IM20E 31.5 MiB
[    3.308317] mmcblk0rpmb: mmc0:0001 0IM20E 4.00 MiB, chardev (243:0)
done.
[    3.475833] usb 1-1: new high-speed USB device number 2 using xhci-hcd
[    3.608474] usb 1-1: New USB device found, idVendor=0781, idProduct=5581, bcdDevice= 1.00
[    3.616673] usb 1-1: New USB device strings: Mfr=1, Product=2, SerialNumber=3
[    3.623815] usb 1-1: Product: Ultra
[    3.627303] usb 1-1: Manufacturer: SanDisk
[    3.631399] usb 1-1: SerialNumber: 4C531001600621100051
[    3.649794] SCSI subsystem initialized
[    3.658214] usb-storage 1-1:1.0: USB Mass Storage device detected
[    3.664569] scsi host0: usb-storage 1-1:1.0
[    3.668976] usbcore: registered new interface driver usb-storage
[    4.722398] scsi 0:0:0:0: Direct-Access     SanDisk  Ultra            1.00 PQ: 0 ANSI: 6
[    4.736079] sd 0:0:0:0: [sda] 121307136 512-byte logical blocks: (62.1 GB/57.8 GiB)
[    4.744093] sd 0:0:0:0: [sda] Write Protect is off
[    4.749246] sd 0:0:0:0: [sda] Write cache: disabled, read cache: enabled, doesn't support DPO or FUA
[    4.761748]  sda: sda1 sda2
[    4.764753] sd 0:0:0:0: [sda] Attached SCSI removable disk
Begin: Running /scripts/init-premount ... done.
Begin: Mounting root file system ... [    8.510133] loop: module loaded
[    8.537670] loop0: detected capacity change from 0 to 1054856
done.
Begin: Running /scripts/init-bottom ... done.
[   10.244286] systemd[1]: Inserted module 'autofs4'
[   10.389629] systemd[1]: systemd 252.39-1~deb12u1 running in system mode (+PAM +AUDIT +SELINUX +APPARMOR +IMA +SMACK +SECCOMP +GCRYPT -GNUTLS +OPENSSL +ACL +BLKID +CURL +ELFUTILS +FIDO2 +IDN2 -IDN +IPTC +KMOD +LIBCRYPTSETUP +LIBFDISK +PCRE2 -PWQUALITY +P11KIT +QRENCODE +TPM2 +BZIP2 +LZ4 +XZ +ZLIB +ZSTD -BPF_FRAMEWORK -XKBCOMMON +UTMP +SYSVINIT default-hierarchy=unified)
[   10.422355] systemd[1]: Detected architecture arm64.

Welcome to VyOS 2026.04.14-2000-rolling (current)!

[   10.452412] systemd[1]: Hostname set to <localhost.localdomain>.
[   10.475489] systemd[1]: Initializing machine ID from random generator.
[   10.514471] systemd[1]: memfd_create() called without MFD_EXEC or MFD_NOEXEC_SEAL set
[   11.490144] systemd[1]: sysinit.target: Wants dependency dropin /etc/systemd/system/sysinit.target.wants/ask-modules-load.service is not a symlink, ignoring.
[   11.533750] systemd[1]: multi-user.target: Wants dependency dropin /etc/systemd/system/multi-user.target.wants/ask-conntrack-fix.service is not a symlink, ignoring.
[   11.548721] systemd[1]: multi-user.target: Wants dependency dropin /etc/systemd/system/multi-user.target.wants/boot-complete-notify.service is not a symlink, ignoring.
[   11.563721] systemd[1]: multi-user.target: Wants dependency dropin /etc/systemd/system/multi-user.target.wants/cmm.service is not a symlink, ignoring.
[   11.579753] systemd[1]: multi-user.target: Wants dependency dropin /etc/systemd/system/multi-user.target.wants/fman-fq-qdisc.service is not a symlink, ignoring.
[   11.594905] systemd[1]: multi-user.target: Wants dependency dropin /etc/systemd/system/multi-user.target.wants/vyos-postinstall.service is not a symlink, ignoring.
[   11.870660] systemd[1]: Queued start job for default target Multi-User System.
[   11.886218] systemd[1]: Created slice Slice /system/getty.
[  OK  ] Created slice Slice /system/getty.
[   11.900677] systemd[1]: Created slice Slice /system/modprobe.
[  OK  ] Created slice Slice /system/modprobe.
[   11.915622] systemd[1]: Created slice Slice /system/serial-getty.
[  OK  ] Created slice Slice /system/serial-getty.
[   11.930497] systemd[1]: Created slice User and Session Slice.
[  OK  ] Created slice User and Session Slice.
[   11.943989] systemd[1]: Started Dispatch Password Requests to Console Directory Watch.
[  OK  ] Started Dispatch Password …ts to Console Directory Watch.
[   11.961964] systemd[1]: Started Forward Password Requests to Wall Directory Watch.
[  OK  ] Started Forward Password R…uests to Wall Directory Watch.
[   11.979168] systemd[1]: Set up automount Arbitrary Executable File Formats File System Automount Point.
[  OK  ] Set up automount Arbitrary…s File System Automount Point.
[   11.997892] systemd[1]: Reached target Local Encrypted Volumes.
[  OK  ] Reached target Local Encrypted Volumes.
[   12.011893] systemd[1]: Reached target Local Integrity Protected Volumes.
[  OK  ] Reached target Local Integrity Protected Volumes.
[   12.027900] systemd[1]: Reached target Network is Online.
[  OK  ] Reached target Network is Online.
[   12.041872] systemd[1]: Reached target Path Units.
[  OK  ] Reached target Path Units.
[   12.053887] systemd[1]: Reached target Remote File Systems.
[  OK  ] Reached target Remote File Systems.
[   12.067875] systemd[1]: Reached target Slice Units.
[  OK  ] Reached target Slice Units.
[   12.079891] systemd[1]: Reached target TLS tunnels for network services - per-config-file target.
[  OK  ] Reached target TLS tunnels…ices - per-config-file target.
[   12.097884] systemd[1]: Reached target Swaps.
[  OK  ] Reached target Swaps.
[   12.108881] systemd[1]: Reached target Local Verity Protected Volumes.
[  OK  ] Reached target Local Verity Protected Volumes.
[   12.125020] systemd[1]: Listening on initctl Compatibility Named Pipe.
[  OK  ] Listening on initctl Compatibility Named Pipe.
[   12.142275] systemd[1]: Listening on Journal Socket (/dev/log).
[  OK  ] Listening on Journal Socket (/dev/log).
[   12.156125] systemd[1]: Listening on Journal Socket.
[  OK  ] Listening on Journal Socket.
[   12.168163] systemd[1]: Listening on udev Control Socket.
[  OK  ] Listening on udev Control Socket.
[   12.182056] systemd[1]: Listening on udev Kernel Socket.
[  OK  ] Listening on udev Kernel Socket.
[   12.206974] systemd[1]: Mounting Huge Pages File System...
         Mounting Huge Pages File System...
[   12.221061] systemd[1]: Mounting POSIX Message Queue File System...
         Mounting POSIX Message Queue File System...
[   12.243990] systemd[1]: Mounting Kernel Debug File System...
         Mounting Kernel Debug File System...
[   12.259161] systemd[1]: Mounting Kernel Trace File System...
         Mounting Kernel Trace File System...
[   12.284186] systemd[1]: Starting Create List of Static Device Nodes...
         Starting Create List of Static Device Nodes...
[   12.301321] systemd[1]: Starting Load Kernel Module configfs...
         Starting Load Kernel Module configfs...
[   12.326154] systemd[1]: Starting Load Kernel Module dm_mod...
         Starting Load Kernel Module dm_mod...
[   12.342219] systemd[1]: Starting Load Kernel Module drm...
         Starting Load Kernel Module drm...
[   12.366088] systemd[1]: Starting Load Kernel Module efi_pstore...
         Starting Load Kernel Module efi_pstore...
[   12.383307] systemd[1]: Starting Load Kernel Module fuse...
         Starting Load Kernel Module fuse...
[   12.398252] systemd[1]: Starting Load Kernel Module loop...
         Starting Load Kernel Module loop...
[   12.415086] fuse: init (API version 7.39)
[   12.422270] systemd[1]: Starting Journal Service...
         Starting Journal Service...
[   12.437663] systemd[1]: Starting Load Kernel Modules...
         Starting Load Kernel Modules...
[   12.452447] systemd[1]: Starting Remount Root and Kernel File Systems...
         Starting Remount Root and Kernel File Systems...
[   12.478103] systemd[1]: Starting Coldplug All udev Devices...
         Starting Coldplug All udev Devices...
[   12.495697] systemd[1]: Mounted Huge Pages File System.
[  OK  ] Mounted Huge Pages File System.
[   12.510655] systemd[1]: Mounted POSIX Message Queue File System.
[  OK  ] Mounted POSIX Message Queue File System.
[   12.532271] systemd[1]: Mounted Kernel Debug File System.
[  OK  ] Mounted Kernel Debug File System.
[   12.547147] systemd[1]: Started Journal Service.
[  OK  ] Started Journal Service.
[  OK  ] Mounted Kernel Trace File System.
[  OK  ] Finished Create List of Static Device Nodes.
[   12.576257] bridge: filtering via arp/ip/ip6tables is no longer available by default. Update your scripts to load br_netfilter if you need this.
[  OK  ] Finished    12.594060] Bridge firewalling registered
;1;39mLoad Kernel Module configfs.
[  OK  ] Finished Load Kernel Module dm_mod.
[  OK  ] Finished Load Kernel Module drm.
[  OK  ] Finished Load Kernel Module efi_pstore.
[  OK  ] Finished Load Kernel Module fuse.
[  OK  ] Finished Load Kernel Module loop.
[  OK  ] Finished Load Kernel Modules.
[  OK  ] Finished Remount Root and Kernel File Systems.
         Mounting FUSE Control File System...
         Mounting Kernel Configuration File System...
         Starting Flush Journal to Persistent Storage...
         Starting Load/Save Random Seed...
[   12.727748] systemd-journald[367]: Received client request to flush runtime journal.
         Starting Apply Kernel Variables...
         Starting Create System Users...
[  OK  ] Started VyOS commit daemon.
[  OK  ] Started VyOS configuration daemon.
[  OK  ] Started VyOS DNS configuration keeper.
[  OK  ] Finished Coldplug All udev Devices.
[  OK  ] Mounted FUSE Control File System.
[  OK  ] Mounted Kernel Configuration File System.
[  OK  ] Finished Flush Journal to Persistent Storage.
[  OK  ] Finished Load/Save Random Seed.
[  OK  ] Finished Apply Kernel Variables.
[  OK  ] Finished Create System Users.
         Starting Create Static Device Nodes in /dev...
[  OK  ] Finished Create Static Device Nodes in /dev.
[  OK  ] Reached target Preparation for Local File Systems.
         Mounting /tmp...
         Mounting /var/tmp...
         Starting Rule-based Manage…for Device Events and Files...
[  OK  ] Mounted /tmp.
[  OK  ] Mounted /var/tmp.
[  OK  ] Reached target Local File Systems.
         Starting Set Up Additional Binary Formats...
         Starting Create System Files and Directories...
[  OK  ] Finished Create System Files and Directories.
         Starting Security Auditing Service...
[  OK  ] Started Entropy Daemon based on the HAVEGE algorithm.
         Starting live-config conta…t process (late userspace)....
[  OK  ] Started Rule-based Manager for Device Events and Files.
         Mounting Arbitrary Executable File Formats File System...
[  OK  ] Mounted Arbitrary Executable File Formats File System.
[  OK  ] Finished Set Up Additional Binary Formats.
[  OK  ] Started Security Auditing Service.
         Starting Record System Boot/Shutdown in UTMP...
[  OK  ] Finished Record System Boot/Shutdown in UTMP.
[  OK  ] Reached target System Initialization.
[  OK  ] Started Periodic ext4 Onli…ata Check for All Filesystems.
[  OK  ] Started Discard unused blocks once a week.
[  OK  ] Started Daily rotation of log files.
[  OK  ] Started Run system activit…ounting tool every 10 minutes.
[  OK  ] Started Generate summary o…esterday's process accounting.
[  OK  ] Started Daily Cleanup of Temporary Directories.
[  OK  ] Reached target Timer Units.
[  OK  ] Listening on D-Bus System Message Bus Socket.
[  OK  ] Listening on Podman API Socket.
[  OK  ] Listening on UUID daemon activation socket.
[  OK  ] Reached target Socket Units.
[  OK  ] Finished live-config conta…oot process (late userspace)..
[  OK  ] Reached target Basic System.
         Starting Deferred execution scheduler...
         Starting Atop process accounting daemon...
[  OK  ] Started Regular background program processing daemon.
         Starting D-Bus System Message Bus...
         Starting Remove Stale Onli…t4 Metadata Check Snapshots...
         Starting fan speed regulator...
         Starting FastNetMon - DoS/…Flow/Netflow/mirror support...
         Starting LSB: network benchmark...
         Starting Podman API Service...
         Starting Deassert SFP+ TX_…for SDK kernel (no phylink)...
         Starting Resets System Activity Logs...
         Starting User Login Management...
         Starting LSB: Start vmtouch daemon...
         Starting Update GRUB loader configuration structure...
[  OK  ] Started Deferred execution scheduler.
[  OK  ] Finished Remove Stale Onli…ext4 Metadata Check Snapshots.
[  OK  ] Started Podman API Service.
[  OK  ] Finished Update GRUB loader configuration structure.
[  OK  ] Finished Deassert SFP+ TX_…E for SDK kernel (no phylink).
[  OK  ] Started VyOS Router.
         Starting Permit User Sessions...
[  OK  ] Finished Permit User Sessions.
[  OK  ] Started Getty on tty1.
[  OK    OK  ] Reached target Login Prompts.
[  OK  ] Started D-Bus System Message Bus.
[  OK  ] Started User Login Management.
[   32.243396] vyos-router[1238]: Starting VyOS router.
[  OK  ] Started FastNetMon - DoS/D… sFlow/Netflow/mirror support.
[  OK  ] Reached target Multi-User System.
[  OK  ] Reached target VyOS target.
         Starting Record Runlevel Change in UTMP...
[  OK  ] Finished Record Runlevel Change in UTMP.
[   34.949274] vyos-router[1238]: Waiting for NICs to settle down: settled in 0sec..
[   34.960487] vyos-router[1238]: could not generate DUID ... failed!
[   49.218126] vyos-router[1238]: Mounting VyOS Config...done.
[   55.593703] fsl_dpa soc:fsl,dpaa:ethernet@1 eth0: phy device not initialized
[   55.635829] fsl_dpa soc:fsl,dpaa:ethernet@4 eth1: phy device not initialized
[   55.677085] fsl_dpa soc:fsl,dpaa:ethernet@5 eth2: phy device not initialized
[   55.718364] fsl_dpa soc:fsl,dpaa:ethernet@8 eth3: phy device not initialized
[   55.759534] fsl_dpa soc:fsl,dpaa:ethernet@9 eth4: phy device not initialized
[   55.568822] vyos-router[1238]:  migrate
[   55.575633] vyos-router[1796]: vyos.migrate - ERROR - Error in /opt/vyatta/etc/config-migrate/migrate/system/31-to-32: 'console_type'
[   55.589213] vyos-router[1796]: Traceback (most recent call last):
[   55.598208] vyos-router[1796]:   File "/usr/lib/python3/dist-packages/vyos/compose_config.py", line 56, in apply_func
[   55.610208] vyos-router[1796]:     func(self.config_tree)
[   55.618263] vyos-router[1796]:   File "/opt/vyatta/etc/config-migrate/migrate/system/31-to-32", line 34, in migrate
[   55.631269] vyos-router[1796]:     if vars_current['console_type'] == 'ttyS':
[   55.641252] vyos-router[1796]:        ~~~~~~~~~~~~^^^^^^^^^^^^^^^^
[   55.649257] vyos-router[1796]: KeyError: 'console_type'
[   55.657205] vyos-router[1796]: The above exception was the direct cause of the following exception:
[   55.668224] vyos-router[1796]: Traceback (most recent call last):
[   55.676307] vyos-router[1796]:   File "/usr/lib/python3/dist-packages/vyos/compose_config.py", line 73, in apply_file
[   55.689263] vyos-router[1796]:     self.apply_func(func)
[   55.697267] vyos-router[1796]:   File "/usr/lib/python3/dist-packages/vyos/compose_config.py", line 60, in apply_func
[   55.710230] vyos-router[1796]:     raise ComposeConfigError(e) from e
[   55.718324] vyos-router[1796]: vyos.compose_config.ComposeConfigError: 'console_type'
[   55.728271] vyos-router[1796]: Error: incomplete migration: check /opt/vyatta/etc/config/vyos-migrate.log for error
[   57.543080] fsl_dpa soc:fsl,dpaa:ethernet@1 eth0: phy device not initialized
[   57.585960] fsl_dpa soc:fsl,dpaa:ethernet@4 eth1: phy device not initialized
[   57.628554] fsl_dpa soc:fsl,dpaa:ethernet@5 eth2: phy device not initialized
[   57.670317] fsl_dpa soc:fsl,dpaa:ethernet@8 eth3: phy device not initialized
[   57.712309] fsl_dpa soc:fsl,dpaa:ethernet@9 eth4: phy device not initialized
[   64.611800] fsl_dpa soc:fsl,dpaa:ethernet@1 eth0: phy device not initialized
[   64.660588] fsl_dpa soc:fsl,dpaa:ethernet@1 eth0: phy device not initialized
[   64.728175] fsl_dpa soc:fsl,dpaa:ethernet@1 eth0: phy device not initialized
[   64.746946] fsl_dpa soc:fsl,dpaa:ethernet@1 eth0: phy device not initialized
[   64.754051] fsl_dpa soc:fsl,dpaa:ethernet@1 eth0: phy device not initialized
[   65.991196] fsl_dpa soc:fsl,dpaa:ethernet@9 eth4: phy device not initialized
[   66.157865] fsl_dpa soc:fsl,dpaa:ethernet@8 eth3: phy device not initialized
[   66.322197] fsl_dpa soc:fsl,dpaa:ethernet@5 eth2: phy device not initialized
[   66.373714] fsl_dpa soc:fsl,dpaa:ethernet@5 eth2: phy device not initialized
[   66.445544] fsl_dpa soc:fsl,dpaa:ethernet@5 eth2: phy device not initialized
[   66.465375] fsl_dpa soc:fsl,dpaa:ethernet@5 eth2: phy device not initialized
[   66.472489] fsl_dpa soc:fsl,dpaa:ethernet@5 eth2: phy device not initialized
[   68.538346] fsl_dpa soc:fsl,dpaa:ethernet@4 eth1: phy device not initialized
[   68.589696] fsl_dpa soc:fsl,dpaa:ethernet@4 eth1: phy device not initialized
[   68.663468] fsl_dpa soc:fsl,dpaa:ethernet@4 eth1: phy device not initialized
[   68.683785] fsl_dpa soc:fsl,dpaa:ethernet@4 eth1: phy device not initialized
[   68.690869] fsl_dpa soc:fsl,dpaa:ethernet@4 eth1: phy device not initialized
[  106.295398] vyos-router[1238]:  activate configure.
[  106.844373] vyos-config[1245]: Configuration error

Welcome to VyOS - vyos ttyS0

vyos login: vyos
Password: 
Welcome to VyOS (ARM64 / NXP LS1046A)

   ┌── ┐
   . VyOS 2026.04.14-2000-rolling
   └ ──┘  current

   Architecture:  arm64 - NXP LS1046A
   Patches:       NXP SDK DPAA, ASK fast-path, CAAM IPsec, FMD Shim, SFP+

 * Documentation:  https://docs.vyos.io/en/latest
 * Project news:   https://blog.vyos.io
 * Bug reports:    https://vyos.dev

You can change this banner using "set system login banner post-login" command.

VyOS is a free software distribution that includes multiple components,
you can check individual component licenses under /usr/share/doc/*/copyright


vyos@vyos:~$ show interfaces 
Codes: S - State, L - Link, u - Up, D - Down, A - Admin Down
Interface    IP Address                                 MAC                VRF        MTU  S/L    Description
-----------  -----------------------------------------  -----------------  -------  -----  -----  -------------
eth0         192.168.1.189/16                           e8:f6:d7:00:16:01  default   1500  u/u    Left RJ45
             fd64:361:3532:4faa:eaf6:d7ff:fe00:1601/64
eth1         192.168.1.190/16                           e8:f6:d7:00:15:ff  default   1500  u/u    Center RJ45
             fd64:361:3532:4faa:eaf6:d7ff:fe00:15ff/64
eth2         192.168.1.185/16                           e8:f6:d7:00:16:00  default   1500  u/u    Right RJ45
             fd64:361:3532:4faa:eaf6:d7ff:fe00:1600/64
eth3         -                                          e8:f6:d7:00:16:02  default   1500  A/D
eth4         -                                          e8:f6:d7:00:16:03  default   1500  A/D
lo           127.0.0.1/8                                00:00:00:00:00:00  default  65536  u/u
             ::1/128
vyos@vyos:~$ 