=> usb start; fatload usb 0:2 ${load_addr} boot.scr; source ${load_addr}
starting USB...
Bus usb@2f00000: Register 200017f NbrPorts 2
Starting the controller
USB XHCI 1.00
scanning bus usb@2f00000 for devices... 2 USB Device(s) found
       scanning usb for storage devices... 1 Storage Device(s) found
2899 bytes read in 4 ms (707 KiB/s)
## Executing script at a0000000
=== VyOS LS1046A USB Live Boot ===

10473862 bytes read in 266 ms (37.6 MiB/s)
35633 bytes read in 3 ms (11.3 MiB/s)
32926657 bytes read in 824 ms (38.1 MiB/s)
stopping USB..
Booting VyOS live from USB...
   Uncompressing Kernel Image to 0
## Flattened Device Tree blob at 88000000
   Booting using the fdt blob at 0x88000000
Working FDT set to 88000000
   Loading Ramdisk to f8c9a000, end fac00bc1 ... OK
   Loading Device Tree to 00000000f8c7e000, end 00000000f8c99b30 ... OK
Working FDT set to f8c7e000
PCIe1: pcie@3400000 Root Complex: no link
PCIe2: pcie@3500000 disabled
PCIe3: pcie@3600000 Root Complex: no link
WARNING failed to get smmu node: FDT_ERR_NOTFOUND
WARNING failed to get smmu node: FDT_ERR_NOTFOUND

Starting kernel ...

[    0.000000] Booting Linux on physical CPU 0x0000000000 [0x410fd082]
[    0.000000] Linux version 6.6.133-vyos (root@3d9901eb2984) (gcc (Debian 12.2.0-14+deb12u1) 12.2.0, GNU ld (GNU Binutils for Debian) 2.40) #1 SMP PREEMPT_DYNAMIC Sat Apr 18 02:31:19 UTC 2026
[    0.000000] KASLR enabled
[    0.000000] Machine model: Mono Gateway Development Kit
[    0.000000] earlycon: uart8250 at MMIO 0x00000000021c0500 (options '')
[    0.000000] printk: bootconsole [uart8250] enabled
[    0.000000] efi: UEFI not found.
[    0.000000] OF: reserved mem: initialized node bman-fbpr, compatible id fsl,bman-fbpr
[    0.000000] OF: reserved mem: 0x00000009ff000000..0x00000009ffffffff (16384 KiB) nomap non-reusable bman-fbpr
[    0.000000] OF: reserved mem: initialized node qman-fqd, compatible id fsl,qman-fqd
[    0.000000] OF: reserved mem: 0x00000009fe800000..0x00000009feffffff (8192 KiB) nomap non-reusable qman-fqd
[    0.000000] OF: reserved mem: initialized node qman-pfdr, compatible id fsl,qman-pfdr
[    0.000000] OF: reserved mem: 0x00000009fc000000..0x00000009fdffffff (32768 KiB) nomap non-reusable qman-pfdr
[    0.000000] OF: reserved mem: initialized node usdpaa-mem@c0000000, compatible id fsl,usdpaa-mem
[    0.000000] OF: reserved mem: 0x00000000c0000000..0x00000000cfffffff (262144 KiB) nomap non-reusable usdpaa-mem@c0000000
[    0.000000] NUMA: No NUMA configuration found
[    0.000000] NUMA: Faking a node at [mem 0x0000000080000000-0x00000009ffffffff]
[    0.000000] NUMA: NODE_DATA [mem 0x9fb8781c0-0x9fb87bfff]
[    0.000000] Zone ranges:
[    0.000000]   DMA      [mem 0x0000000080000000-0x00000000ffffffff]
[    0.000000]   DMA32    empty
[    0.000000]   Normal   [mem 0x0000000100000000-0x00000009ffffffff]
[    0.000000] Movable zone start for each node
[    0.000000] Early memory node ranges
[    0.000000]   node   0: [mem 0x0000000080000000-0x00000000bfffffff]
[    0.000000]   node   0: [mem 0x00000000c0000000-0x00000000cfffffff]
[    0.000000]   node   0: [mem 0x00000000d0000000-0x00000000fbdfffff]
[    0.000000]   node   0: [mem 0x0000000880000000-0x00000009fbffffff]
[    0.000000]   node   0: [mem 0x00000009fc000000-0x00000009fdffffff]
[    0.000000]   node   0: [mem 0x00000009fe000000-0x00000009fe7fffff]
[    0.000000]   node   0: [mem 0x00000009fe800000-0x00000009ffffffff]
[    0.000000] Initmem setup node 0 [mem 0x0000000080000000-0x00000009ffffffff]
[    0.000000] On node 0, zone Normal: 16896 pages in unavailable ranges
[    0.000000] cma: Reserved 32 MiB at 0x00000000f6c00000 on node -1
[    0.000000] psci: probing for conduit method from DT.
[    0.000000] psci: PSCIv1.1 detected in firmware.
[    0.000000] psci: Using standard PSCI v0.2 function IDs
[    0.000000] psci: MIGRATE_INFO_TYPE not supported.
[    0.000000] psci: SMC Calling Convention v1.5
[    0.000000] percpu: Embedded 32 pages/cpu s93672 r8192 d29208 u131072
[    0.000000] Detected PIPT I-cache on CPU0
[    0.000000] CPU features: detected: Spectre-v2
[    0.000000] CPU features: detected: Spectre-v3a
[    0.000000] CPU features: detected: Spectre-BHB
[    0.000000] CPU features: kernel page table isolation forced ON by KASLR
[    0.000000] CPU features: detected: Kernel page table isolation (KPTI)
[    0.000000] CPU features: detected: ARM erratum 1742098
[    0.000000] CPU features: detected: ARM errata 1165522, 1319367, or 1530923
[    0.000000] alternatives: applying boot alternatives
[    0.000000] Kernel command line: console=ttyS0,115200 earlycon=uart8250,mmio,0x21c0500 boot=live rootdelay=10 components noeject nopersistence noautologin nonetworking union=overlay net.ifnames=0 fsl_dpaa_fman.fsl_fm_max_frm=9600 usbcore.autosuspend=-1
[    0.000000] Unknown kernel command line parameters "components noeject nopersistence noautologin nonetworking boot=live union=overlay", will be passed to user space.
[    0.000000] Dentry cache hash table entries: 1048576 (order: 11, 8388608 bytes, linear)
[    0.000000] Inode-cache hash table entries: 524288 (order: 10, 4194304 bytes, linear)
[    0.000000] Fallback order for Node 0: 0 
[    0.000000] Built 1 zonelists, mobility grouping on.  Total pages: 2047488
[    0.000000] Policy zone: Normal
[    0.000000] mem auto-init: stack:off, heap alloc:off, heap free:off
[    0.000000] software IO TLB: area num 4.
[    0.000000] software IO TLB: mapped [mem 0x00000000f2c00000-0x00000000f6c00000] (64MB)
[    0.000000] Memory: 7681756K/8321024K available (13760K kernel code, 2602K rwdata, 5928K rodata, 5056K init, 1055K bss, 606500K reserved, 32768K cma-reserved)
[    0.000000] SLUB: HWalign=64, Order=0-3, MinObjects=0, CPUs=4, Nodes=1
[    0.000000] Dynamic Preempt: none
[    0.000000] rcu: Preemptible hierarchical RCU implementation.
[    0.000000]  Trampoline variant of Tasks RCU enabled.
[    0.000000]  Tracing variant of Tasks RCU enabled.
[    0.000000] rcu: RCU calculated value of scheduler-enlistment delay is 100 jiffies.
[    0.000000] NR_IRQS: 64, nr_irqs: 64, preallocated irqs: 0
[    0.000000] GIC: Adjusting CPU interface base to 0x000000000142f000
[    0.000000] Root IRQ handler: gic_handle_irq
[    0.000000] GIC: Using split EOI/Deactivate mode
[    0.000000] rcu: srcu_init: Setting srcu_struct sizes based on contention.
[    0.000000] arch_timer: cp15 timer(s) running at 25.00MHz (phys).
[    0.000000] clocksource: arch_sys_counter: mask: 0xffffffffffffff max_cycles: 0x5c40939b5, max_idle_ns: 440795202646 ns
[    0.000000] sched_clock: 56 bits at 25MHz, resolution 40ns, wraps every 4398046511100ns
[    0.008473] Console: colour dummy device 80x25
[    0.013780] Calibrating delay loop (skipped), value calculated using timer frequency.. 50.00 BogoMIPS (lpj=25000)
[    0.024115] pid_max: default: 32768 minimum: 301
[    0.030819] Mount-cache hash table entries: 16384 (order: 5, 131072 bytes, linear)
[    0.038458] Mountpoint-cache hash table entries: 16384 (order: 5, 131072 bytes, linear)
[    0.048596] RCU Tasks: Setting shift to 2 and lim to 1 rcu_task_cb_adjust=1 rcu_task_cpu_ids=4.
[    0.057410] RCU Tasks Trace: Setting shift to 2 and lim to 1 rcu_task_cb_adjust=1 rcu_task_cpu_ids=4.
[    0.066809] rcu: Hierarchical SRCU implementation.
[    0.071630] rcu:     Max phase no-delay instances is 400.
[    0.077331] EFI services will not be available.
[    0.082053] smp: Bringing up secondary CPUs ...
[    0.086965] Detected PIPT I-cache on CPU1
[    0.087011] CPU1: Booted secondary processor 0x0000000001 [0x410fd082]
[    0.087359] Detected PIPT I-cache on CPU2
[    0.087391] CPU2: Booted secondary processor 0x0000000002 [0x410fd082]
[    0.087737] Detected PIPT I-cache on CPU3
[    0.087770] CPU3: Booted secondary processor 0x0000000003 [0x410fd082]
[    0.087809] smp: Brought up 1 node, 4 CPUs
[    0.123718] SMP: Total of 4 processors activated.
[    0.128450] CPU features: detected: 32-bit EL0 Support
[    0.133617] CPU features: detected: 32-bit EL1 Support
[    0.138786] CPU features: detected: CRC32 instructions
[    0.143991] CPU: All CPU(s) started at EL2
[    0.148124] alternatives: applying system-wide alternatives
[    0.154862] devtmpfs: initialized
[    0.163411] clocksource: jiffies: mask: 0xffffffff max_cycles: 0xffffffff, max_idle_ns: 1911260446275000 ns
[    0.173227] futex hash table entries: 1024 (order: 4, 65536 bytes, linear)
[    0.180643] pinctrl core: initialized pinctrl subsystem
[    0.186295] Machine: Mono Gateway Development Kit
[    0.191029] SoC family: QorIQ LS1046A
[    0.194709] SoC ID: svr:0x87070010, Revision: 1.0
[    0.199664] DMI not present or invalid.
[    0.204278] NET: Registered PF_NETLINK/PF_ROUTE protocol family
[    0.210754] DMA: preallocated 1024 KiB GFP_KERNEL pool for atomic allocations
[    0.218091] DMA: preallocated 1024 KiB GFP_KERNEL|GFP_DMA pool for atomic allocations
[    0.226201] DMA: preallocated 1024 KiB GFP_KERNEL|GFP_DMA32 pool for atomic allocations
[    0.234812] audit: initializing netlink subsys (disabled)
[    0.240331] audit: type=2000 audit(0.049:1): state=initialized audit_enabled=0 res=1
[    0.240822] thermal_sys: Registered thermal governor 'step_wise'
[    0.248132] thermal_sys: Registered thermal governor 'user_space'
[    0.254193] cpuidle: using governor menu
[    0.264316] Bman ver:0a02,02,01
[    0.268936] qman-fqd addr 0x00000009fe800000 size 0x800000
[    0.274456] qman-pfdr addr 0x00000009fc000000 size 0x2000000
[    0.280152] Qman ver:0a01,03,02,01
[    0.283683] hw-breakpoint: found 6 breakpoint and 4 watchpoint registers.
[    0.290561] ASID allocator initialised with 32768 entries
[    0.296529] Serial: AMBA PL011 UART driver
[    0.312528] Modules: 2G module region forced by RANDOMIZE_MODULE_REGION_FULL
[    0.319636] Modules: 0 pages in range for non-PLT usage
[    0.319639] Modules: 517136 pages in range for PLT usage
[    0.325475] HugeTLB: registered 1.00 GiB page size, pre-allocated 0 pages
[    0.337652] HugeTLB: 0 KiB vmemmap can be freed for a 1.00 GiB page
[    0.343959] HugeTLB: registered 32.0 MiB page size, pre-allocated 0 pages
[    0.350789] HugeTLB: 0 KiB vmemmap can be freed for a 32.0 MiB page
[    0.357095] HugeTLB: registered 2.00 MiB page size, pre-allocated 0 pages
[    0.363925] HugeTLB: 0 KiB vmemmap can be freed for a 2.00 MiB page
[    0.370231] HugeTLB: registered 64.0 KiB page size, pre-allocated 0 pages
[    0.377060] HugeTLB: 0 KiB vmemmap can be freed for a 64.0 KiB page
[    0.401413] raid6: neonx8   gen()  4775 MB/s
[    0.422747] raid6: neonx4   gen()  4642 MB/s
[    0.444077] raid6: neonx2   gen()  3837 MB/s
[    0.465405] raid6: neonx1   gen()  2783 MB/s
[    0.486734] raid6: int64x8  gen()  2682 MB/s
[    0.508069] raid6: int64x4  gen()  2616 MB/s
[    0.529406] raid6: int64x2  gen()  2532 MB/s
[    0.550744] raid6: int64x1  gen()  1955 MB/s
[    0.555037] raid6: using algorithm neonx8 gen() 4775 MB/s
[    0.577502] raid6: .... xor() 3459 MB/s, rmw enabled
[    0.582495] raid6: using neon recovery algorithm
[    0.587480] ACPI: Interpreter disabled.
[    0.592730] iommu: Default domain type: Translated
[    0.597553] iommu: DMA domain TLB invalidation policy: lazy mode
[    0.603861] usbcore: registered new interface driver usbfs
[    0.609406] usbcore: registered new interface driver hub
[    0.614768] usbcore: registered new device driver usb
[    0.620160] imx-i2c 2180000.i2c: can't get pinctrl, bus recovery not supported
[    0.627553] i2c i2c-0: IMX I2C adapter registered
[    0.632307] i2c i2c-0: using dma0chan16 (tx) and dma0chan17 (rx) for DMA transfers
[    0.640018] imx-i2c 2190000.i2c: can't get pinctrl, bus recovery not supported
[    0.647384] i2c i2c-1: IMX I2C adapter registered
[    0.652215] imx-i2c 21a0000.i2c: can't get pinctrl, bus recovery not supported
[    0.659591] i2c i2c-2: IMX I2C adapter registered
[    0.664421] imx-i2c 21b0000.i2c: can't get pinctrl, bus recovery not supported
[    0.671749] i2c i2c-3: IMX I2C adapter registered
[    0.676634] pps_core: LinuxPPS API ver. 1 registered
[    0.681629] pps_core: Software ver. 5.3.6 - Copyright 2005-2007 Rodolfo Giometti <giometti@linux.it>
[    0.690833] PTP clock support registered
[    0.694923] EDAC MC: Ver: 3.0.0
[    0.698416] scmi_core: SCMI protocol bus registered
[    0.703353] bman-fbpr addr 0x00000009ff000000 size 0x1000000
[    0.709091] Bman err interrupt handler present
[    0.714239] Bman portal initialised, cpu 0
[    0.718413] Bman portal initialised, cpu 1
[    0.722601] Bman portal initialised, cpu 2
[    0.726774] Bman portal initialised, cpu 3
[    0.730894] Bman portals initialised
[    0.740771] Qman err interrupt handler present
[    0.745601] QMan: Allocated lookup table at (____ptrval____), entry count 131073
[    0.753784] QMan doesn't need cleanup, uninhibiting IRQs
[    0.759135] Qman portal initialised, cpu 0
[    0.763303] QMan doesn't need cleanup, uninhibiting IRQs
[    0.768648] Qman portal initialised, cpu 1
[    0.772825] QMan doesn't need cleanup, uninhibiting IRQs
[    0.778169] Qman portal initialised, cpu 2
[    0.782334] QMan doesn't need cleanup, uninhibiting IRQs
[    0.787678] Qman portal initialised, cpu 3
[    0.791796] Qman portals initialised
[    0.795446] Bman: BPID allocator includes range 32:32
[    0.800561] Qman: FQID allocator includes range 256:256
[    0.805821] Qman: FQID allocator includes range 32768:32768
[    0.811464] Qman: CGRID allocator includes range 0:256
[    0.816762] Qman: pool channel allocator includes range 1025:15
[    0.822791] USDPAA region at c0000000:10000000(c0000:10000), 1 TLB1 entries)
[    0.830771] clocksource: Switched to clocksource arch_sys_counter
[    0.838407] pnp: PnP ACPI: disabled
[    0.846038] NET: Registered PF_INET protocol family
[    0.851160] IP idents hash table entries: 131072 (order: 8, 1048576 bytes, linear)
[    0.862542] ipsec_flow_init 
[    0.865622] tcp_listen_portaddr_hash hash table entries: 4096 (order: 4, 65536 bytes, linear)
[    0.874242] Table-perturb hash table entries: 65536 (order: 6, 262144 bytes, linear)
[    0.882044] TCP established hash table entries: 65536 (order: 7, 524288 bytes, linear)
[    0.890279] TCP bind hash table entries: 65536 (order: 9, 2097152 bytes, linear)
[    0.898819] TCP: Hash tables configured (established 65536 bind 65536)
[    0.905718] MPTCP token hash table entries: 8192 (order: 6, 196608 bytes, linear)
[    0.913440] UDP hash table entries: 4096 (order: 5, 131072 bytes, linear)
[    0.920372] UDP-Lite hash table entries: 4096 (order: 5, 131072 bytes, linear)
[    0.927898] NET: Registered PF_UNIX/PF_LOCAL protocol family
[    0.933610] NET: Registered PF_XDP protocol family
[    0.938439] PCI: CLS 0 bytes, default 64
[    0.942538] Trying to unpack rootfs image as initramfs...
[    0.949522] kvm [1]: IPA Size Limit: 44 bits
[    0.954488] kvm [1]: vgic interrupt IRQ9
[    0.958473] kvm [1]: Hyp mode initialized successfully
[    0.964469] Initialise system trusted keyrings
[    0.969119] workingset: timestamp_bits=40 max_order=21 bucket_order=0
[    0.976472] squashfs: version 4.0 (2009/01/31) Phillip Lougher
[    1.000522] xor: measuring software checksum speed
[    1.005785]    8regs           :  7615 MB/sec
[    1.010564]    32regs          :  8347 MB/sec
[    1.015442]    arm64_neon      :  6720 MB/sec
[    1.019827] xor: using function: 32regs (8347 MB/sec)
[    1.024918] async_tx: api initialized (async)
[    1.029307] Key type asymmetric registered
[    1.033432] Asymmetric key parser 'x509' registered
[    1.038398] Block layer SCSI generic (bsg) driver version 0.4 loaded (major 248)
[    1.045856] io scheduler mq-deadline registered
[    1.050420] io scheduler kyber registered
[    1.054570] io scheduler bfq registered
[    1.067664] shpchp: Standard Hot Plug PCI Controller Driver version: 0.4
[    1.081477] Serial: 8250/16550 driver, 4 ports, IRQ sharing enabled
[    1.089465] printk: console [ttyS0] disabled
[    1.093995] 21c0500.serial: ttyS0 at MMIO 0x21c0500 (irq = 56, base_baud = 18750000) is a 16550A
[    1.102868] printk: console [ttyS0] enabled
[    1.102868] printk: console [ttyS0] enabled
[    1.111265] printk: bootconsole [uart8250] disabled
[    1.111265] printk: bootconsole [uart8250] disabled
[    1.121890] 21c0600.serial: ttyS1 at MMIO 0x21c0600 (irq = 56, base_baud = 18750000) is a 16550A
[    1.130818] serial serial0: tty port ttyS1 registered
[    1.138869] spi-nor spi1.0: n25q512a (65536 Kbytes)
[    1.461189] Freeing initrd memory: 32152K
[    1.471630] 8 fixed-partitions partitions found on MTD device 1550000.spi
[    1.478466] Creating 8 MTD partitions on "1550000.spi":
[    1.483696] 0x000000000000-0x000000100000 : "rcw-bl2"
[    1.488979] 0x000000100000-0x000000300000 : "uboot"
[    1.494030] 0x000000300000-0x000000400000 : "uboot-env"
[    1.499429] 0x000000400000-0x000000500000 : "fman-ucode"
[    1.504925] 0x000000500000-0x000000600000 : "recovery-dtb"
[    1.510576] 0x000000600000-0x000000a00000 : "backup"
[    1.515727] 0x000000a00000-0x000002000000 : "kernel-initramfs"
[    1.521726] 0x000002000000-0x000004000000 : "unallocated"
[    1.535166] Maxlinear Ethernet GPY115C 0x0000000001afd000:00: Firmware Version: 8.111 (0x886F)
[    1.551032] Maxlinear Ethernet GPY115C 0x0000000001afd000:01: Firmware Version: 8.111 (0x886F)
[    1.566835] Maxlinear Ethernet GPY115C 0x0000000001afd000:02: Firmware Version: 8.111 (0x886F)
[    1.627685] FM_Config(3449) FMan-Controller code (ver 210.10.1) (0xd20a01)
[    1.641080] FM_Init(3616) FMan-Controller code (ver 210.10.1) (0xd20a01)
[    1.650980] Freescale FM module, FMD API version 21.1.0
[    1.658780] Freescale FM Ports module
[    1.662448] fsl_mac: fsl_mac: FSL FMan MAC API based driver
[    1.668237] fsl_mac 1ae2000.ethernet: FMan MEMAC
[    1.672862] fsl_mac 1ae2000.ethernet: FMan MAC address: e8:f6:d7:00:15:ff
[    1.679823] fsl_mac 1ae8000.ethernet: FMan MEMAC
[    1.684443] fsl_mac 1ae8000.ethernet: FMan MAC address: e8:f6:d7:00:16:00
[    1.691412] fsl_mac 1aea000.ethernet: FMan MEMAC
[    1.696034] fsl_mac 1aea000.ethernet: FMan MAC address: e8:f6:d7:00:16:01
[    1.708001] fsl_mac 1af0000.ethernet: FMan MEMAC
[    1.712642] fsl_mac 1af0000.ethernet: FMan MAC address: e8:f6:d7:00:16:02
[    1.724508] fsl_mac 1af2000.ethernet: FMan MEMAC
[    1.729143] fsl_mac 1af2000.ethernet: FMan MAC address: e8:f6:d7:00:16:03
[    1.735997] fsl_dpa: FSL DPAA Ethernet driver
[    1.740635] *********dpa_set_buffers_layout(677) internal buffer offset 0
[    1.747473] dpaa_eth_priv_probe::bpid 0, count 640 
[    1.747476] adj count 640
[    1.754972] DPAA_PROBE: bp_create done
[    1.758721] DPAA_PROBE: get_channel=1025
[    1.762645] DPAA_PROBE: add_channel done
[    1.766565] DPAA_FQ_SETUP: enter
[    1.769791] fsl_dpa soc:fsl,dpaa:ethernet@8: No Qman software (affine) channels found
[    1.777626] DPAA_FQ_SETUP: fq #1 type=2
[    1.781461] DPAA_FQ_SETUP: fq #2 type=1
[    1.785295] DPAA_FQ_SETUP: fq #3 type=3
[    1.789130] DPAA_FQ_SETUP: fq #4 type=3
[    1.792964] DPAA_FQ_SETUP: fq #5 type=3
[    1.796798] DPAA_FQ_SETUP: fq #6 type=3
[    1.800632] DPAA_FQ_SETUP: fq #7 type=3
[    1.804466] DPAA_FQ_SETUP: fq #8 type=3
[    1.808300] DPAA_FQ_SETUP: fq #9 type=3
[    1.812134] DPAA_FQ_SETUP: fq #10 type=3
[    1.816055] DPAA_FQ_SETUP: fq #11 type=3
[    1.819976] DPAA_FQ_SETUP: fq #12 type=3
[    1.823897] DPAA_FQ_SETUP: fq #13 type=3
[    1.827819] DPAA_FQ_SETUP: fq #14 type=3
[    1.831741] DPAA_FQ_SETUP: fq #15 type=3
[    1.835665] DPAA_FQ_SETUP: fq #16 type=3
[    1.839588] DPAA_FQ_SETUP: fq #17 type=3
[    1.843509] DPAA_FQ_SETUP: fq #18 type=3
[    1.847434] DPAA_FQ_SETUP: fq #19 type=8
[    1.851355] DPAA_FQ_SETUP: fq #20 type=8
[    1.855276] DPAA_FQ_SETUP: fq #21 type=8
[    1.859198] DPAA_FQ_SETUP: fq #22 type=8
[    1.863119] DPAA_FQ_SETUP: fq #23 type=8
[    1.867039] DPAA_FQ_SETUP: fq #24 type=8
[    1.870961] DPAA_FQ_SETUP: fq #25 type=8
[    1.874882] DPAA_FQ_SETUP: fq #26 type=8
[    1.878803] DPAA_FQ_SETUP: fq #27 type=8
[    1.882723] DPAA_FQ_SETUP: fq #28 type=8
[    1.886645] DPAA_FQ_SETUP: fq #29 type=8
[    1.890566] DPAA_FQ_SETUP: fq #30 type=8
[    1.894487] DPAA_FQ_SETUP: fq #31 type=8
[    1.898407] DPAA_FQ_SETUP: fq #32 type=8
[    1.902329] DPAA_FQ_SETUP: fq #33 type=8
[    1.906250] DPAA_FQ_SETUP: fq #34 type=8
[    1.910171] DPAA_FQ_SETUP: fq #35 type=6
[    1.914092] DPAA_FQ_SETUP: fq #36 type=6
[    1.918012] DPAA_FQ_SETUP: fq #37 type=6
[    1.921933] DPAA_FQ_SETUP: fq #38 type=6
[    1.925854] DPAA_FQ_SETUP: fq #39 type=7
[    1.929775] DPAA_FQ_SETUP: fq #40 type=5
[    1.933695] DPAA_FQ_SETUP: fq #41 type=4
[    1.937616] DPAA_FQ_SETUP: fq #42 type=4
[    1.941537] DPAA_FQ_SETUP: fq #43 type=4
[    1.945462] DPAA_FQ_SETUP: fq #44 type=4
[    1.949385] DPAA_FQ_SETUP: main loop done, 44 FQs, egress_cnt=4/4
[    1.955480] DPAA_PROBE: fq_setup done
[    1.959144] DPAA_PROBE: cgr_init done
[    1.962849] DPAA_PROBE: fqs_init done
[    1.968349] fsl_dpa: fsl_dpa: Probed interface eth0
[    1.973385] *********dpa_set_buffers_layout(677) internal buffer offset 0
[    1.980242] dpaa_eth_priv_probe::bpid 32, count 640 
[    1.980245] adj count 640
[    1.987827] DPAA_PROBE: bp_create done
[    1.991574] DPAA_PROBE: get_channel=1025
[    1.995497] DPAA_PROBE: add_channel done
[    1.999418] DPAA_FQ_SETUP: enter
[    2.002645] fsl_dpa soc:fsl,dpaa:ethernet@9: No Qman software (affine) channels found
[    2.010479] DPAA_FQ_SETUP: fq #1 type=2
[    2.014314] DPAA_FQ_SETUP: fq #2 type=1
[    2.018148] DPAA_FQ_SETUP: fq #3 type=3
[    2.021982] DPAA_FQ_SETUP: fq #4 type=3
[    2.025816] DPAA_FQ_SETUP: fq #5 type=3
[    2.029650] DPAA_FQ_SETUP: fq #6 type=3
[    2.033484] DPAA_FQ_SETUP: fq #7 type=3
[    2.037318] DPAA_FQ_SETUP: fq #8 type=3
[    2.041151] DPAA_FQ_SETUP: fq #9 type=3
[    2.044985] DPAA_FQ_SETUP: fq #10 type=3
[    2.048906] DPAA_FQ_SETUP: fq #11 type=3
[    2.052828] DPAA_FQ_SETUP: fq #12 type=3
[    2.056747] DPAA_FQ_SETUP: fq #13 type=3
[    2.060667] DPAA_FQ_SETUP: fq #14 type=3
[    2.064586] DPAA_FQ_SETUP: fq #15 type=3
[    2.068506] DPAA_FQ_SETUP: fq #16 type=3
[    2.072426] DPAA_FQ_SETUP: fq #17 type=3
[    2.076345] DPAA_FQ_SETUP: fq #18 type=3
[    2.080266] DPAA_FQ_SETUP: fq #19 type=8
[    2.084189] DPAA_FQ_SETUP: fq #20 type=8
[    2.088112] DPAA_FQ_SETUP: fq #21 type=8
[    2.092036] DPAA_FQ_SETUP: fq #22 type=8
[    2.095958] DPAA_FQ_SETUP: fq #23 type=8
[    2.099879] DPAA_FQ_SETUP: fq #24 type=8
[    2.103800] DPAA_FQ_SETUP: fq #25 type=8
[    2.107724] DPAA_FQ_SETUP: fq #26 type=8
[    2.111644] DPAA_FQ_SETUP: fq #27 type=8
[    2.115565] DPAA_FQ_SETUP: fq #28 type=8
[    2.119486] DPAA_FQ_SETUP: fq #29 type=8
[    2.123407] DPAA_FQ_SETUP: fq #30 type=8
[    2.127327] DPAA_FQ_SETUP: fq #31 type=8
[    2.131248] DPAA_FQ_SETUP: fq #32 type=8
[    2.135169] DPAA_FQ_SETUP: fq #33 type=8
[    2.139090] DPAA_FQ_SETUP: fq #34 type=8
[    2.143010] DPAA_FQ_SETUP: fq #35 type=6
[    2.146932] DPAA_FQ_SETUP: fq #36 type=6
[    2.150852] DPAA_FQ_SETUP: fq #37 type=6
[    2.154774] DPAA_FQ_SETUP: fq #38 type=6
[    2.158694] DPAA_FQ_SETUP: fq #39 type=7
[    2.162615] DPAA_FQ_SETUP: fq #40 type=5
[    2.166535] DPAA_FQ_SETUP: fq #41 type=4
[    2.170457] DPAA_FQ_SETUP: fq #42 type=4
[    2.174378] DPAA_FQ_SETUP: fq #43 type=4
[    2.178299] DPAA_FQ_SETUP: fq #44 type=4
[    2.182220] DPAA_FQ_SETUP: main loop done, 44 FQs, egress_cnt=4/4
[    2.188315] DPAA_PROBE: fq_setup done
[    2.191978] DPAA_PROBE: cgr_init done
[    2.195684] DPAA_PROBE: fqs_init done
[    2.201203] fsl_dpa: fsl_dpa: Probed interface eth1
[    2.206230] *********dpa_set_buffers_layout(677) internal buffer offset 0
[    2.213072] dpaa_eth_priv_probe::bpid 32, count 640 
[    2.213076] adj count 640
[    2.220657] DPAA_PROBE: bp_create done
[    2.224404] DPAA_PROBE: get_channel=1025
[    2.228327] DPAA_PROBE: add_channel done
[    2.232248] DPAA_FQ_SETUP: enter
[    2.235478] fsl_dpa soc:fsl,dpaa:ethernet@1: No Qman software (affine) channels found
[    2.243313] DPAA_FQ_SETUP: fq #1 type=2
[    2.247148] DPAA_FQ_SETUP: fq #2 type=1
[    2.250982] DPAA_FQ_SETUP: fq #3 type=3
[    2.254816] DPAA_FQ_SETUP: fq #4 type=3
[    2.258650] DPAA_FQ_SETUP: fq #5 type=3
[    2.262484] DPAA_FQ_SETUP: fq #6 type=3
[    2.266318] DPAA_FQ_SETUP: fq #7 type=3
[    2.270152] DPAA_FQ_SETUP: fq #8 type=3
[    2.273985] DPAA_FQ_SETUP: fq #9 type=3
[    2.277819] DPAA_FQ_SETUP: fq #10 type=3
[    2.281740] DPAA_FQ_SETUP: fq #11 type=3
[    2.285661] DPAA_FQ_SETUP: fq #12 type=3
[    2.289582] DPAA_FQ_SETUP: fq #13 type=3
[    2.293502] DPAA_FQ_SETUP: fq #14 type=3
[    2.297423] DPAA_FQ_SETUP: fq #15 type=3
[    2.301343] DPAA_FQ_SETUP: fq #16 type=3
[    2.305262] DPAA_FQ_SETUP: fq #17 type=3
[    2.309182] DPAA_FQ_SETUP: fq #18 type=3
[    2.313101] DPAA_FQ_SETUP: fq #19 type=8
[    2.317023] DPAA_FQ_SETUP: fq #20 type=8
[    2.320946] DPAA_FQ_SETUP: fq #21 type=8
[    2.324869] DPAA_FQ_SETUP: fq #22 type=8
[    2.328791] DPAA_FQ_SETUP: fq #23 type=8
[    2.332713] DPAA_FQ_SETUP: fq #24 type=8
[    2.336635] DPAA_FQ_SETUP: fq #25 type=8
[    2.340555] DPAA_FQ_SETUP: fq #26 type=8
[    2.344475] DPAA_FQ_SETUP: fq #27 type=8
[    2.348397] DPAA_FQ_SETUP: fq #28 type=8
[    2.352318] DPAA_FQ_SETUP: fq #29 type=8
[    2.356239] DPAA_FQ_SETUP: fq #30 type=8
[    2.360159] DPAA_FQ_SETUP: fq #31 type=8
[    2.364082] DPAA_FQ_SETUP: fq #32 type=8
[    2.368003] DPAA_FQ_SETUP: fq #33 type=8
[    2.371923] DPAA_FQ_SETUP: fq #34 type=8
[    2.375845] DPAA_FQ_SETUP: fq #35 type=6
[    2.379765] DPAA_FQ_SETUP: fq #36 type=6
[    2.383687] DPAA_FQ_SETUP: fq #37 type=6
[    2.387607] DPAA_FQ_SETUP: fq #38 type=6
[    2.391527] DPAA_FQ_SETUP: fq #39 type=7
[    2.395447] DPAA_FQ_SETUP: fq #40 type=5
[    2.399368] DPAA_FQ_SETUP: fq #41 type=4
[    2.403289] DPAA_FQ_SETUP: fq #42 type=4
[    2.407209] DPAA_FQ_SETUP: fq #43 type=4
[    2.411130] DPAA_FQ_SETUP: fq #44 type=4
[    2.415051] DPAA_FQ_SETUP: main loop done, 44 FQs, egress_cnt=4/4
[    2.421145] DPAA_PROBE: fq_setup done
[    2.424808] DPAA_PROBE: cgr_init done
[    2.428519] DPAA_PROBE: fqs_init done
[    2.434027] fsl_dpa: fsl_dpa: Probed interface eth2
[    2.439065] *********dpa_set_buffers_layout(677) internal buffer offset 0
[    2.445923] dpaa_eth_priv_probe::bpid 32, count 640 
[    2.445927] adj count 640
[    2.453510] DPAA_PROBE: bp_create done
[    2.457257] DPAA_PROBE: get_channel=1025
[    2.461181] DPAA_PROBE: add_channel done
[    2.465101] DPAA_FQ_SETUP: enter
[    2.468327] fsl_dpa soc:fsl,dpaa:ethernet@4: No Qman software (affine) channels found
[    2.476162] DPAA_FQ_SETUP: fq #1 type=2
[    2.479996] DPAA_FQ_SETUP: fq #2 type=1
[    2.483831] DPAA_FQ_SETUP: fq #3 type=3
[    2.487665] DPAA_FQ_SETUP: fq #4 type=3
[    2.491502] DPAA_FQ_SETUP: fq #5 type=3
[    2.495337] DPAA_FQ_SETUP: fq #6 type=3
[    2.499171] DPAA_FQ_SETUP: fq #7 type=3
[    2.503004] DPAA_FQ_SETUP: fq #8 type=3
[    2.506838] DPAA_FQ_SETUP: fq #9 type=3
[    2.510671] DPAA_FQ_SETUP: fq #10 type=3
[    2.514591] DPAA_FQ_SETUP: fq #11 type=3
[    2.518512] DPAA_FQ_SETUP: fq #12 type=3
[    2.522432] DPAA_FQ_SETUP: fq #13 type=3
[    2.526352] DPAA_FQ_SETUP: fq #14 type=3
[    2.530271] DPAA_FQ_SETUP: fq #15 type=3
[    2.534191] DPAA_FQ_SETUP: fq #16 type=3
[    2.538110] DPAA_FQ_SETUP: fq #17 type=3
[    2.542031] DPAA_FQ_SETUP: fq #18 type=3
[    2.545950] DPAA_FQ_SETUP: fq #19 type=8
[    2.549873] DPAA_FQ_SETUP: fq #20 type=8
[    2.553797] DPAA_FQ_SETUP: fq #21 type=8
[    2.557722] DPAA_FQ_SETUP: fq #22 type=8
[    2.561643] DPAA_FQ_SETUP: fq #23 type=8
[    2.565563] DPAA_FQ_SETUP: fq #24 type=8
[    2.569485] DPAA_FQ_SETUP: fq #25 type=8
[    2.573405] DPAA_FQ_SETUP: fq #26 type=8
[    2.577326] DPAA_FQ_SETUP: fq #27 type=8
[    2.581248] DPAA_FQ_SETUP: fq #28 type=8
[    2.585168] DPAA_FQ_SETUP: fq #29 type=8
[    2.589090] DPAA_FQ_SETUP: fq #30 type=8
[    2.593010] DPAA_FQ_SETUP: fq #31 type=8
[    2.596930] DPAA_FQ_SETUP: fq #32 type=8
[    2.600852] DPAA_FQ_SETUP: fq #33 type=8
[    2.604772] DPAA_FQ_SETUP: fq #34 type=8
[    2.608692] DPAA_FQ_SETUP: fq #35 type=6
[    2.612614] DPAA_FQ_SETUP: fq #36 type=6
[    2.616534] DPAA_FQ_SETUP: fq #37 type=6
[    2.620456] DPAA_FQ_SETUP: fq #38 type=6
[    2.624377] DPAA_FQ_SETUP: fq #39 type=7
[    2.628299] DPAA_FQ_SETUP: fq #40 type=5
[    2.632220] DPAA_FQ_SETUP: fq #41 type=4
[    2.636141] DPAA_FQ_SETUP: fq #42 type=4
[    2.640061] DPAA_FQ_SETUP: fq #43 type=4
[    2.643982] DPAA_FQ_SETUP: fq #44 type=4
[    2.647903] DPAA_FQ_SETUP: main loop done, 44 FQs, egress_cnt=4/4
[    2.653997] DPAA_PROBE: fq_setup done
[    2.657660] DPAA_PROBE: cgr_init done
[    2.661375] DPAA_PROBE: fqs_init done
[    2.666880] fsl_dpa: fsl_dpa: Probed interface eth3
[    2.671918] *********dpa_set_buffers_layout(677) internal buffer offset 0
[    2.678760] dpaa_eth_priv_probe::bpid 32, count 640 
[    2.678769] adj count 640
[    2.686347] DPAA_PROBE: bp_create done
[    2.690092] DPAA_PROBE: get_channel=1025
[    2.694012] DPAA_PROBE: add_channel done
[    2.697933] DPAA_FQ_SETUP: enter
[    2.701159] fsl_dpa soc:fsl,dpaa:ethernet@5: No Qman software (affine) channels found
[    2.708993] DPAA_FQ_SETUP: fq #1 type=2
[    2.712827] DPAA_FQ_SETUP: fq #2 type=1
[    2.716662] DPAA_FQ_SETUP: fq #3 type=3
[    2.720496] DPAA_FQ_SETUP: fq #4 type=3
[    2.724330] DPAA_FQ_SETUP: fq #5 type=3
[    2.728164] DPAA_FQ_SETUP: fq #6 type=3
[    2.731998] DPAA_FQ_SETUP: fq #7 type=3
[    2.735832] DPAA_FQ_SETUP: fq #8 type=3
[    2.739666] DPAA_FQ_SETUP: fq #9 type=3
[    2.743500] DPAA_FQ_SETUP: fq #10 type=3
[    2.747423] DPAA_FQ_SETUP: fq #11 type=3
[    2.751346] DPAA_FQ_SETUP: fq #12 type=3
[    2.755266] DPAA_FQ_SETUP: fq #13 type=3
[    2.759188] DPAA_FQ_SETUP: fq #14 type=3
[    2.763108] DPAA_FQ_SETUP: fq #15 type=3
[    2.767030] DPAA_FQ_SETUP: fq #16 type=3
[    2.770951] DPAA_FQ_SETUP: fq #17 type=3
[    2.774872] DPAA_FQ_SETUP: fq #18 type=3
[    2.778793] DPAA_FQ_SETUP: fq #19 type=8
[    2.782714] DPAA_FQ_SETUP: fq #20 type=8
[    2.786637] DPAA_FQ_SETUP: fq #21 type=8
[    2.790562] DPAA_FQ_SETUP: fq #22 type=8
[    2.794483] DPAA_FQ_SETUP: fq #23 type=8
[    2.798404] DPAA_FQ_SETUP: fq #24 type=8
[    2.802325] DPAA_FQ_SETUP: fq #25 type=8
[    2.806245] DPAA_FQ_SETUP: fq #26 type=8
[    2.810165] DPAA_FQ_SETUP: fq #27 type=8
[    2.814087] DPAA_FQ_SETUP: fq #28 type=8
[    2.818009] DPAA_FQ_SETUP: fq #29 type=8
[    2.821929] DPAA_FQ_SETUP: fq #30 type=8
[    2.825849] DPAA_FQ_SETUP: fq #31 type=8
[    2.829771] DPAA_FQ_SETUP: fq #32 type=8
[    2.833691] DPAA_FQ_SETUP: fq #33 type=8
[    2.837612] DPAA_FQ_SETUP: fq #34 type=8
[    2.841533] DPAA_FQ_SETUP: fq #35 type=6
[    2.845453] DPAA_FQ_SETUP: fq #36 type=6
[    2.849374] DPAA_FQ_SETUP: fq #37 type=6
[    2.853294] DPAA_FQ_SETUP: fq #38 type=6
[    2.857214] DPAA_FQ_SETUP: fq #39 type=7
[    2.861134] DPAA_FQ_SETUP: fq #40 type=5
[    2.865055] DPAA_FQ_SETUP: fq #41 type=4
[    2.868975] DPAA_FQ_SETUP: fq #42 type=4
[    2.872895] DPAA_FQ_SETUP: fq #43 type=4
[    2.876819] DPAA_FQ_SETUP: fq #44 type=4
[    2.880741] DPAA_FQ_SETUP: main loop done, 44 FQs, egress_cnt=4/4
[    2.886835] DPAA_PROBE: fq_setup done
[    2.890498] DPAA_PROBE: cgr_init done
[    2.894218] DPAA_PROBE: fqs_init done
[    2.899717] fsl_dpa: fsl_dpa: Probed interface eth4
[    2.904642] fsl_advanced: FSL DPAA Advanced drivers:
[    2.909614] fsl_proxy: FSL DPAA Proxy initialization driver
[    2.915335] fsl_oh: FSL FMan Offline Parsing port driver
[    2.920991] VFIO - User Level meta-driver version: 0.3
[    2.927359] xhci-hcd xhci-hcd.0.auto: xHCI Host Controller
[    2.932857] xhci-hcd xhci-hcd.0.auto: new USB bus registered, assigned bus number 1
[    2.940605] xhci-hcd xhci-hcd.0.auto: hcc params 0x0220f66d hci version 0x100 quirks 0x0000008002000010
[    2.950029] xhci-hcd xhci-hcd.0.auto: irq 60, io mem 0x02f00000
[    2.956033] xhci-hcd xhci-hcd.0.auto: xHCI Host Controller
[    2.961526] xhci-hcd xhci-hcd.0.auto: new USB bus registered, assigned bus number 2
[    2.969191] xhci-hcd xhci-hcd.0.auto: Host supports USB 3.0 SuperSpeed
[    2.975872] usb usb1: New USB device found, idVendor=1d6b, idProduct=0002, bcdDevice= 6.06
[    2.984150] usb usb1: New USB device strings: Mfr=3, Product=2, SerialNumber=1
[    2.991378] usb usb1: Product: xHCI Host Controller
[    2.996258] usb usb1: Manufacturer: Linux 6.6.133-vyos xhci-hcd
[    3.002179] usb usb1: SerialNumber: xhci-hcd.0.auto
[    3.007310] hub 1-0:1.0: USB hub found
[    3.011086] hub 1-0:1.0: 1 port detected
[    3.015241] usb usb2: We don't know the algorithms for LPM for this host, disabling LPM.
[    3.023424] usb usb2: New USB device found, idVendor=1d6b, idProduct=0003, bcdDevice= 6.06
[    3.031699] usb usb2: New USB device strings: Mfr=3, Product=2, SerialNumber=1
[    3.038926] usb usb2: Product: xHCI Host Controller
[    3.043806] usb usb2: Manufacturer: Linux 6.6.133-vyos xhci-hcd
[    3.049727] usb usb2: SerialNumber: xhci-hcd.0.auto
[    3.054834] hub 2-0:1.0: USB hub found
[    3.058605] hub 2-0:1.0: 1 port detected
[    3.063060] pca954x 0-0070: supply vdd not found, using dummy regulator
[    3.070451] i2c i2c-0: Added multiplexed i2c bus 4
[    3.075362] i2c i2c-0: Added multiplexed i2c bus 5
[    3.080252] i2c i2c-0: Added multiplexed i2c bus 6
[    3.085155] i2c i2c-0: Added multiplexed i2c bus 7
[    3.089951] pca954x 0-0070: registered 4 multiplexed busses for I2C switch pca9545
[    3.097581] pca954x 1-0070: supply vdd not found, using dummy regulator
[    3.104912] i2c i2c-1: Added multiplexed i2c bus 8
[    3.109771] i2c i2c-1: Added multiplexed i2c bus 9
[    3.114606] i2c i2c-1: Added multiplexed i2c bus 10
[    3.119535] i2c i2c-1: Added multiplexed i2c bus 11
[    3.124418] pca954x 1-0070: registered 4 multiplexed busses for I2C switch pca9545
[    3.132046] pca954x 2-0070: supply vdd not found, using dummy regulator
[    3.139516] i2c i2c-2: Added multiplexed i2c bus 12
[    3.144623] i2c i2c-2: Added multiplexed i2c bus 13
[    3.167902] rtc-pcf2127-i2c 14-0053: registered as rtc0
[    3.175446] rtc-pcf2127-i2c 14-0053: setting system clock to 2026-04-18T02:52:24 UTC (1776480744)
[    3.184358] i2c i2c-2: Added multiplexed i2c bus 14
[    3.189363] i2c i2c-2: Added multiplexed i2c bus 15
[    3.194257] pca954x 2-0070: registered 4 multiplexed busses for I2C switch pca9545
[    3.207778] ina2xx 12-0040: supply vs not found, using dummy regulator
[    3.216919] ina2xx 12-0040: power monitor ina234 (Rshunt = 1000 uOhm)
[    3.223431] ina2xx 12-0041: supply vs not found, using dummy regulator
[    3.231999] ina2xx 12-0041: power monitor ina234 (Rshunt = 1000 uOhm)
[    3.238511] ina2xx 12-0042: supply vs not found, using dummy regulator
[    3.247090] ina2xx 12-0042: power monitor ina234 (Rshunt = 1000 uOhm)
[    3.253600] ina2xx 12-0043: supply vs not found, using dummy regulator
[    3.262164] ina2xx 12-0043: power monitor ina234 (Rshunt = 5000 uOhm)
[    3.263777] usb 1-1: new high-speed USB device number 2 using xhci-hcd
[    3.268662] ina2xx 13-0040: supply vs not found, using dummy regulator
[    3.275160] xhci-hcd xhci-hcd.0.auto: Setup ERROR: setup context command for slot 1.
[    3.284284] ina2xx 13-0040: power monitor ina234 (Rshunt = 5000 uOhm)
[    3.289427] usb 1-1: hub failed to enable device, error -22
[    3.301512] ina2xx 13-0041: supply vs not found, using dummy regulator
[    3.310077] ina2xx 13-0041: power monitor ina234 (Rshunt = 5000 uOhm)
[    3.316577] ina2xx 13-0042: supply vs not found, using dummy regulator
[    3.325138] ina2xx 13-0042: power monitor ina234 (Rshunt = 5000 uOhm)
[    3.331638] ina2xx 13-0043: supply vs not found, using dummy regulator
[    3.340208] ina2xx 13-0043: power monitor ina234 (Rshunt = 1000 uOhm)
[    3.347852] device-mapper: uevent: version 1.0.3
[    3.352589] device-mapper: ioctl: 4.48.0-ioctl (2023-03-01) initialised: dm-devel@redhat.com
[    3.361574] qoriq-cpufreq qoriq-cpufreq: Freescale QorIQ CPU frequency scaling driver
[    3.370198] ledtrig-cpu: registered to indicate activity on CPUs
[    3.402776] usb 1-1: new high-speed USB device number 3 using xhci-hcd
[    3.411486] SMCCC: SOC_ID: ARCH_SOC_ID not implemented, skipping ....
[    3.418171] caam 1700000.crypto: device ID = 0x0a11030100000000 (Era 8)
[    3.424796] caam 1700000.crypto: job rings = 3, qi = 1
[    3.431597] caam algorithms registered in /proc/crypto
[    3.436853] caam 1700000.crypto: caam pkc algorithms registered in /proc/crypto
[    3.444172] caam 1700000.crypto: registering rng-caam
[    3.449316] caam 1700000.crypto: rng crypto API alg registered prng-caam
[    3.457365] Freescale USDPAA process driver
[    3.461554] Freescale USDPAA process driver
[    3.465811] Freescale USDPAA process IRQ driver
[    3.470981] hw perfevents: enabled with armv8_cortex_a72 PMU driver, 7 counters available
[    3.476003] random: crng init done
[    3.482920] drop_monitor: Initializing network drop monitor service
[    3.490143] NET: Registered PF_INET6 protocol family
[    3.515272] Segment Routing with IPv6
[    3.518973] In-situ OAM (IOAM) with IPv6
[    3.522944] mip6: Mobile IPv6
[    3.525947] NET: Registered PF_KEY protocol family
[    3.530740] Initializing NETLINK_KEY socket
[    3.535003] Key type dns_resolver registered
[    3.537430] usb 1-1: New USB device found, idVendor=0781, idProduct=5581, bcdDevice= 1.00
[    3.539291] mpls_gso: MPLS GSO support
[    3.543134] registered taskstats version 1
[    3.547480] usb 1-1: New USB device strings: Mfr=1, Product=2, SerialNumber=3
[    3.551303] Loading compiled-in X.509 certificates
[    3.555317] usb 1-1: Product: Ultra
[    3.570738] usb 1-1: Manufacturer: SanDisk
[    3.574317] Loaded X.509 cert 'VyOS Networks build time autogenerated Kernel key: f6a9ecbd0724605e5d28fdad899767d1de1bf42c'
[    3.574836] usb 1-1: SerialNumber: 4C531001600621100051
[    3.603102] Loaded X.509 cert 'VyOS LS1046A Secure Boot CA: ed9ff86ac8d3dc1144144291a885ffd7bcd198db'
[    3.618314] sfp sfp-xfi0: Host maximum power 3.0W
[    3.623484] sfp sfp-xfi1: Host maximum power 3.0W
[    3.628535] ASK fp_netfilter: hooks registered + conntrack force-enabled
[    3.635306] clk: Disabling unused clocks
[    3.640913] Freeing unused kernel memory: 5056K
[    3.683471] Checked W+X mappings: passed, no W+X pages found
[    3.689156] Run /init as init process
Loading, please wait...
Starting systemd-udevd version 252.39-1~deb12u1
[    3.952633] sfp sfp-xfi0: module OEM              SFP-10G-T        rev 02   sn CSY101OB0963     dc 241012  
[    3.977444] sdhci: Secure Digital Host Controller Interface driver
[    3.983647] sdhci: Copyright(c) Pierre Ossman
[    4.021965] sdhci-pltfm: SDHCI platform and OF driver helper
[    4.044603] sfp sfp-xfi1: module OEM              SFP-H10GB-CU1M   rev R    sn CSC240509160290  dc 240527  
[    4.055036] fsl_dpa soc:fsl,dpaa:ethernet@9 e3: renamed from eth1
[    4.062206] hwmon hwmon12: temp1_input not attached to any thermal zone
[    4.070446] fsl_dpa soc:fsl,dpaa:ethernet@8 e2: renamed from eth0
[    4.080780] mmc0: SDHCI controller on 1560000.esdhc [1560000.esdhc] using ADMA 64-bit
[    4.090384] fsl_dpa soc:fsl,dpaa:ethernet@4 e5: renamed from eth3
[    4.097244] SCSI subsystem initialized
[    4.103062] fsl_dpa soc:fsl,dpaa:ethernet@5 e6: renamed from eth4
[    4.110474] usb-storage 1-1:1.0: USB Mass Storage device detected
[    4.116823] scsi host0: usb-storage 1-1:1.0
[    4.119121] fsl_dpa soc:fsl,dpaa:ethernet@1 e4: renamed from eth2
[    4.121242] usbcore: registered new interface driver usb-storage
Begin: Loading essential drivers ... [    4.185722] mmc0: new HS200 MMC card at address 0001
[    4.195825] mmcblk0: mmc0:0001 0IM20E 29.6 GiB
[    4.203524]  mmcblk0: p1 p2 p3
[    4.207142] mmcblk0boot0: mmc0:0001 0IM20E 31.5 MiB
[    4.212868] mmcblk0boot1: mmc0:0001 0IM20E 31.5 MiB
[    4.218845] mmcblk0rpmb: mmc0:0001 0IM20E 4.00 MiB, chardev (243:0)
done.
[    5.166691] scsi 0:0:0:0: Direct-Access     SanDisk  Ultra            1.00 PQ: 0 ANSI: 6
[    5.180468] sd 0:0:0:0: [sda] 121307136 512-byte logical blocks: (62.1 GB/57.8 GiB)
[    5.189168] sd 0:0:0:0: [sda] Write Protect is off
[    5.194323] sd 0:0:0:0: [sda] Write cache: disabled, read cache: enabled, doesn't support DPO or FUA
[    5.208006]  sda: sda1 sda2
[    5.211027] sd 0:0:0:0: [sda] Attached SCSI removable disk
Begin: Running /scripts/init-premount ... done.
Begin: Mounting root file system ... [   44.592842] usb 1-1: reset high-speed USB device number 3 using xhci-hcd
[   70.573838] xhci-hcd xhci-hcd.0.auto: Timeout while waiting for configure endpoint command
[   70.582130] usb 1-1: Busted HC?  Not enough HCD resources for old configuration.
[   70.589597] sd 0:0:0:0: [sda] tag#0 FAILED Result: hostbyte=DID_TIME_OUT driverbyte=DRIVER_OK cmd_age=56s
[   70.589601] usb 1-1: USB disconnect, device number 3
[   70.599179] sd 0:0:0:0: [sda] tag#0 CDB: Read(10) 28 00 00 00 00 18 00 00 08 00
[   70.611454] I/O error, dev sda, sector 24 op 0x0:(READ) flags 0x80700 phys_seg 1 prio class 2
[   70.620096] sd 0:0:0:0: [sda] tag#0 FAILED Result: hostbyte=DID_NO_CONNECT driverbyte=DRIVER_OK cmd_age=0s
[   70.629771] sd 0:0:0:0: [sda] tag#0 CDB: Read(10) 28 00 00 00 00 18 00 00 08 00
[   70.637088] I/O error, dev sda, sector 24 op 0x0:(READ) flags 0x0 phys_seg 1 prio class 2
[   70.645275] Buffer I/O error on dev sda1, logical block 3, async page read
[   70.652224] sda: detected capacity change from 121307136 to 0
[   70.801790] usb 1-1: new high-speed USB device number 4 using xhci-hcd
[   70.938450] usb 1-1: New USB device found, idVendor=0781, idProduct=5581, bcdDevice= 1.00
[   70.946658] usb 1-1: New USB device strings: Mfr=1, Product=2, SerialNumber=3
[   70.951925] EXT4-fs (mmcblk0p3): mounted filesystem 6d19adb4-25da-4ded-8a0e-95c33389fff7 ro with ordered data mode. Quota mode: disabled.
[   70.953803] usb 1-1: Product: Ultra
[   70.953807] usb 1-1: Manufacturer: SanDisk
[   70.973739] usb 1-1: SerialNumber: 4C531001600621100051
[   70.979627] EXT4-fs (mmcblk0p3): unmounting filesystem 6d19adb4-25da-4ded-8a0e-95c33389fff7.
[   70.979776] usb-storage 1-1:1.0: USB Mass Storage device detected
[   70.994447] scsi host0: usb-storage 1-1:1.0
mount: mounting /dev/sda1 on /live/medium failed: No such device or address
[   72.052449] scsi 0:0:0:0: Direct-Access     SanDisk  Ultra            1.00 PQ: 0 ANSI: 6
[   72.062841] sd 0:0:0:0: [sda] 121307136 512-byte logical blocks: (62.1 GB/57.8 GiB)
[   72.071521] sd 0:0:0:0: [sda] Write Protect is off
[   72.076667] sd 0:0:0:0: [sda] Write cache: disabled, read cache: enabled, doesn't support DPO or FUA
[   72.089777]  sda: sda1 sda2
[   72.092793] sd 0:0:0:0: [sda] Attached SCSI removable disk
[   72.398088] loop: module loaded
[   72.424273] loop0: detected capacity change from 0 to 1054448
done.
Begin: Running /scripts/init-bottom ... done.
[   74.136564] systemd[1]: Inserted module 'autofs4'
[  104.497854] usb 1-1: reset high-speed USB device number 4 using xhci-hcd
[  104.630529] sd 0:0:0:0: [sda] tag#0 FAILED Result: hostbyte=DID_TIME_OUT driverbyte=DRIVER_OK cmd_age=30s
[  104.640113] sd 0:0:0:0: [sda] tag#0 CDB: Read(10) 28 00 00 03 c2 08 00 00 08 00
[  104.647428] I/O error, dev sda, sector 246280 op 0x0:(READ) flags 0x80700 phys_seg 1 prio class 2
[  104.656706] xhci-hcd xhci-hcd.0.auto: WARN Event TRB for slot 1 ep 3 with no TDs queued?
[  135.216851] usb 1-1: reset high-speed USB device number 4 using xhci-hcd
[  165.936832] usb 1-1: reset high-speed USB device number 4 using xhci-hcd
[  196.656851] usb 1-1: reset high-speed USB device number 4 using xhci-hcd
[  227.371834] usb 1-1: reset high-speed USB device number 4 using xhci-hcd
[  244.255831] usb 1-1: reset high-speed USB device number 4 using xhci-hcd
[  244.501831] usb 1-1: reset high-speed USB device number 4 using xhci-hcd
[  255.007854] usb 1-1: reset high-speed USB device number 4 using xhci-hcd
[  255.140472] sd 0:0:0:0: Device offlined - not ready after error recovery
[  255.147197] sd 0:0:0:0: [sda] tag#0 FAILED Result: hostbyte=DID_ABORT driverbyte=DRIVER_OK cmd_age=119s
[  255.156602] sd 0:0:0:0: [sda] tag#0 CDB: Read(10) 28 00 00 03 c2 08 00 00 08 00
[  255.163916] I/O error, dev sda, sector 246280 op 0x0:(READ) flags 0x0 phys_seg 1 prio class 2
[  255.172476] sd 0:0:0:0: rejecting I/O to offline device
[  255.172475] I/O error, dev loop0, sector 214644 op 0x0:(READ) flags 0x800 phys_seg 17 prio class 2
[  255.186689] SQUASHFS error: Failed to read block 0x68ce87d: -5
[  255.192531] SQUASHFS error: Unable to read fragment cache entry [68ce87d]
[  255.199352] SQUASHFS error: Unable to read fragment cache entry [68ce87d]
[  255.206145] SQUASHFS error: Unable to read page, block 68ce87d, size f8e4
[  255.234507] I/O error, dev sda, sector 120760 op 0x0:(READ) flags 0x80700 phys_seg 1 prio class 2
[  255.243420] I/O error, dev sda, sector 120760 op 0x0:(READ) flags 0x0 phys_seg 1 prio class 2
[  255.251971] I/O error, dev loop0, sector 89120 op 0x0:(READ) flags 0x800 phys_seg 12 prio class 2
[  255.260862] SQUASHFS error: Failed to read block 0x2b840d1: -5
[  255.266708] SQUASHFS error: Unable to read fragment cache entry [2b840d1]
[  255.273564] SQUASHFS error: Unable to read fragment cache entry [2b840d1]
[  255.280355] SQUASHFS error: Unable to read page, block 2b840d1, size bb5c
[  255.287174] systemd[1]: /etc/systemd/system.conf:0: Error while reading configuration file: Input/output error
[  255.297602] systemd[1]: systemd 252.39-1~deb12u1 running in system mode (+PAM +AUDIT +SELINUX +APPARMOR +IMA +SMACK +SECCOMP +GCRYPT -GNUTLS +OPENSSL +ACL +BLKID +CURL +ELFUTILS +FIDO2 +IDN2 -IDN +IPTC +KMOD +LIBCRYPTSETUP +LIBFDISK +PCRE2 -PWQUALITY +P11KIT +QRENCODE +TPM2 +BZIP2 +LZ4 +XZ +ZLIB +ZSTD -BPF_FRAMEWORK -XKBCOMMON +UTMP +SYSVINIT default-hierarchy=unified)
[  255.330328] systemd[1]: Detected architecture arm64.

Welcome to VyOS 2026.04.18-0227-rolling (current)!

[  255.359798] systemd[1]: Hostname set to <localhost.localdomain>.
[  255.383035] systemd[1]: Initializing machine ID from random generator.
[  255.436681] systemd[1]: memfd_create() called without MFD_EXEC or MFD_NOEXEC_SEAL set
[  255.454208] I/O error, dev sda, sector 817496 op 0x0:(READ) flags 0x80700 phys_seg 1 prio class 2
[  255.463162] I/O error, dev sda, sector 817496 op 0x0:(READ) flags 0x0 phys_seg 1 prio class 2
[  255.471733] I/O error, dev sda, sector 825352 op 0x0:(READ) flags 0x80700 phys_seg 1 prio class 2
[  255.480618] I/O error, dev loop0, sector 785860 op 0x0:(READ) flags 0x800 phys_seg 9 prio class 2
[  255.480639] SQUASHFS error: Failed to read block 0x17fb8ba1: -5
[  255.489522] I/O error, dev sda, sector 825352 op 0x0:(READ) flags 0x0 phys_seg 1 prio class 2
[  255.495442] SQUASHFS error: Unable to read fragment cache entry [17fb8ba1]
[  255.495443] SQUASHFS error: Unable to read fragment cache entry [17fb8ba1]
[  255.495451] SQUASHFS error: Unable to read fragment cache entry [17fb8ba1]
[  255.495507] SQUASHFS error: Unable to read fragment cache entry [17fb8ba1]
[  255.495510] SQUASHFS error: Unable to read page, block 17fb8ba1, size 7ce4
[  255.495516] SQUASHFS error: Unable to read fragment cache entry [17fb8ba1]
[  255.495519] SQUASHFS error: Unable to read page, block 17fb8ba1, size 7ce4
[  255.495600] (direxec)[530]: Failed to execute /usr/lib/systemd/system-generators/systemd-fstab-generator: Input/output error
[  255.495601] (direxec)[529]: Failed to execute /usr/lib/systemd/system-generators/systemd-debug-generator: Input/output error
[  255.496228] SQUASHFS error: Unable to read fragment cache entry [17fb8ba1]
[  255.496233] SQUASHFS error: Unable to read fragment cache entry [17fb8ba1]
[  255.496293] SQUASHFS error: Unable to read fragment cache entry [17fb8ba1]
[  255.496296] SQUASHFS error: Unable to read page, block 17fb8ba1, size 7ce4
[  255.496311] SQUASHFS error: Unable to read fragment cache entry [17fb8ba1]
[  255.496313] SQUASHFS error: Unable to read page, block 17fb8ba1, size 7ce4
[  255.496362] (direxec)[528]: Failed to execute /usr/lib/systemd/system-generators/systemd-cryptsetup-generator: Input/output error
[  255.496377] (direxec)[526]: Failed to execute /usr/lib/systemd/system-generators/openvpn-generator: Input/output error
[  255.504009] SQUASHFS error: Failed to read block 0x1838e9a1: -5
[  255.504050] SQUASHFS error: Failed to read block 0x17fc0885: -5
[  255.504060] SQUASHFS error: Unable to read fragment cache entry [17fc0885]
[  255.504118] SQUASHFS error: Unable to read fragment cache entry [17fc0885]
[  255.504121] SQUASHFS error: Unable to read page, block 17fc0885, size 382c
[  255.504183] (direxec)[531]: Failed to execute /usr/lib/systemd/system-generators/systemd-getty-generator: Input/output error
[  255.504549] SQUASHFS error: Unable to read fragment cache entry [17fc0885]
[  255.504606] SQUASHFS error: Unable to read fragment cache entry [17fc0885]
[  255.504608] SQUASHFS error: Unable to read page, block 17fc0885, size 382c
[  255.504665] (direxec)[532]: Failed to execute /usr/lib/systemd/system-generators/systemd-gpt-auto-generator: Input/output error
[  255.504782] SQUASHFS error: Unable to read fragment cache entry [17fc0885]
[  255.504853] SQUASHFS error: Unable to read fragment cache entry [17fc0885]
[  255.504856] SQUASHFS error: Unable to read page, block 17fc0885, size 382c
[  255.504922] (direxec)[533]: Failed to execute /usr/lib/systemd/system-generators/systemd-hibernate-resume-generator: Input/output error
[  255.505012] SQUASHFS error: Failed to read block 0x17fc40b1: -5
[  255.505023] SQUASHFS error: Unable to read fragment cache entry [17fc40b1]
[  255.505079] SQUASHFS error: Unable to read fragment cache entry [17fc40b1]
[  255.505082] SQUASHFS error: Unable to read page, block 17fc40b1, size 23bc
[  255.505139] (direxec)[534]: Failed to execute /usr/lib/systemd/system-generators/systemd-integritysetup-generator: Input/output error
[  255.505477] SQUASHFS error: Unable to read fragment cache entry [17fc40b1]
[  255.505535] SQUASHFS error: Unable to read fragment cache entry [17fc40b1]
[  255.505537] SQUASHFS error: Unable to read page, block 17fc40b1, size 23bc
[  255.505592] (direxec)[536]: Failed to execute /usr/lib/systemd/system-generators/systemd-run-generator: Input/output error
[  255.506090] SQUASHFS error: Failed to read block 0x2b840d1: -5
[  255.506094] SQUASHFS error: Unable to read fragment cache entry [2b840d1]
[  255.506096] (sd-execut[524]: /usr/lib/systemd/system-generators/systemd-run-generator failed with exit status 1.
[  255.506122] (sd-execut[524]: /usr/lib/systemd/system-generators/systemd-hibernate-resume-generator failed with exit status 1.
[  255.506137] (sd-execut[524]: /usr/lib/systemd/system-generators/systemd-debug-generator failed with exit status 1.
[  255.506168] SQUASHFS error: Unable to read fragment cache entry [2b840d1]
[  255.506171] SQUASHFS error: Unable to read page, block 2b840d1, size bb5c
[  255.506246] (direxec)[540]: Failed to execute /etc/systemd/system-generators/vyos-generator: Input/output error
[  255.506652] SQUASHFS error: Failed to read block 0x17fc646d: -5
[  255.506656] SQUASHFS error: Unable to read fragment cache entry [17fc646d]
[  255.506662] SQUASHFS error: Unable to read fragment cache entry [17fc646d]
[  255.506715] SQUASHFS error: Unable to read fragment cache entry [17fc646d]
[  255.506716] SQUASHFS error: Unable to read fragment cache entry [17fc646d]
[  255.506717] SQUASHFS error: Unable to read page, block 17fc646d, size 42ec
[  255.506718] SQUASHFS error: Unable to read page, block 17fc646d, size 42ec
[  255.506791] (direxec)[538]: Failed to execute /usr/lib/systemd/system-generators/systemd-sysv-generator: Input/output error
[  255.506792] (direxec)[539]: Failed to execute /usr/lib/systemd/system-generators/systemd-veritysetup-generator: Input/output error
[  255.507146] SQUASHFS error: Unable to read fragment cache entry [17fc646d]
[  255.507204] SQUASHFS error: Unable to read fragment cache entry [17fc646d]
[  255.507207] SQUASHFS error: Unable to read page, block 17fc646d, size 42ec
[  255.507261] (direxec)[537]: Failed to execute /usr/lib/systemd/system-generators/systemd-system-update-generator: Input/output error
[  255.507783] SQUASHFS error: Unable to read fragment cache entry [17fc40b1]
[  255.507842] SQUASHFS error: Unable to read fragment cache entry [17fc40b1]
[  255.507845] SQUASHFS error: Unable to read page, block 17fc40b1, size 23bc
[  255.507901] (direxec)[535]: Failed to execute /usr/lib/systemd/system-generators/systemd-rc-local-generator: Input/output error
[  255.510922] SQUASHFS error: Unable to read fragment cache entry [17fb8ba1]
[  255.517816] SQUASHFS error: Failed to read block 0x1838e9a1: -5
[  255.524606] SQUASHFS error: Unable to read page, block 17fb8ba1, size 7ce4
[  255.524679] (direxec)[525]: Failed to execute /usr/lib/systemd/system-generators/live-config-getty-generator: Input/output error
[  255.531484] SQUASHFS error: Unable to read data cache entry [1838e9a1]
[  255.531487] SQUASHFS error: Unable to read page, block 1838e9a1, size 17998
[  255.531552] (direxec)[527]: Failed to execute /usr/lib/systemd/system-generators/podman-system-generator: Input/output error
[  256.076058] (sd-execut[524]: /usr/lib/systemd/system-generators/podman-system-generator failed with exit status 1.
[  256.086448] (sd-execut[524]: /usr/lib/systemd/system-generators/systemd-gpt-auto-generator failed with exit status 1.
[  256.097084] (sd-execut[524]: /usr/lib/systemd/system-generators/systemd-integritysetup-generator failed with exit status 1.
[  256.108237] (sd-execut[524]: /usr/lib/systemd/system-generators/systemd-system-update-generator failed with exit status 1.
[  256.119306] (sd-execut[524]: /usr/lib/systemd/system-generators/systemd-veritysetup-generator failed with exit status 1.
[  256.130203] (sd-execut[524]: /usr/lib/systemd/system-generators/systemd-getty-generator failed with exit status 1.
[  256.140573] (sd-execut[524]: /usr/lib/systemd/system-generators/systemd-sysv-generator failed with exit status 1.
[  256.150859] (sd-execut[524]: /etc/systemd/system-generators/vyos-generator failed with exit status 1.
[  256.160103] (sd-execut[524]: /usr/lib/systemd/system-generators/systemd-rc-local-generator failed with exit status 1.
[  256.170736] (sd-execut[524]: /usr/lib/systemd/system-generators/openvpn-generator failed with exit status 1.
[  256.180597] (sd-execut[524]: /usr/lib/systemd/system-generators/live-config-getty-generator failed with exit status 1.
[  256.191322] (sd-execut[524]: /usr/lib/systemd/system-generators/systemd-cryptsetup-generator failed with exit status 1.
[  256.202158] (sd-execut[524]: /usr/lib/systemd/system-generators/systemd-fstab-generator failed with exit status 1.
[  256.306585] SQUASHFS error: Failed to read block 0x17fada4d: -5
[  256.312521] SQUASHFS error: Unable to read fragment cache entry [17fada4d]
[  256.319468] SQUASHFS error: Unable to read fragment cache entry [17fada4d]
[  256.326353] SQUASHFS error: Unable to read page, block 17fada4d, size b154
[  256.334488] SQUASHFS error: Unable to read fragment cache entry [17fada4d]
[  256.341436] SQUASHFS error: Unable to read fragment cache entry [17fada4d]
[  256.348319] SQUASHFS error: Unable to read page, block 17fada4d, size b154
[  256.355339] SQUASHFS error: Unable to read fragment cache entry [17fada4d]
[  256.362280] SQUASHFS error: Unable to read fragment cache entry [17fada4d]
[  256.369159] SQUASHFS error: Unable to read page, block 17fada4d, size b154
[  256.376181] SQUASHFS error: Unable to read fragment cache entry [17fb8ba1]
[  256.383127] SQUASHFS error: Unable to read fragment cache entry [17fb8ba1]
[  256.390005] SQUASHFS error: Unable to read page, block 17fb8ba1, size 7ce4
[  256.397327] SQUASHFS error: Unable to read fragment cache entry [17fada4d]
[  256.404211] SQUASHFS error: Unable to read page, block 17fada4d, size b154
[  256.412616] SQUASHFS error: Unable to read fragment cache entry [17fada4d]
[  256.419564] SQUASHFS error: Unable to read fragment cache entry [17fada4d]
[  256.426443] SQUASHFS error: Unable to read page, block 17fada4d, size b154
[  256.433585] SQUASHFS error: Unable to read fragment cache entry [17fada4d]
[  256.440530] SQUASHFS error: Unable to read fragment cache entry [17fada4d]
[  256.447409] SQUASHFS error: Unable to read page, block 17fada4d, size b154
[  256.558994] SQUASHFS error: Unable to read fragment cache entry [17fada4d]
[  256.565951] SQUASHFS error: Unable to read fragment cache entry [17fada4d]
[  256.572831] SQUASHFS error: Unable to read page, block 17fada4d, size b154
[  256.579744] systemd[1]: Unit default.target failed to load properly, please adjust/correct and reload service manager: Input/output error
[  256.592107] systemd[1]: Falling back to rescue.target.
[  256.597372] SQUASHFS error: Unable to read fragment cache entry [17fada4d]
[  256.604317] SQUASHFS error: Unable to read fragment cache entry [17fada4d]
[  256.611197] SQUASHFS error: Unable to read page, block 17fada4d, size b154
[  256.618096] systemd[1]: Unit rescue.target failed to load properly, please adjust/correct and reload service manager: Input/output error
[!!!!!!] Failed to load rescue.target.
[  256.639811] systemd[1]: Freezing execution.
